✔ About shows a compact build-time value at the absolute bottom (1.327736ms)
✔ production and staging labels are distinct and embedded with the bundle (0.204742ms)
✔ automatic build value is short, monotonic by build minute, and contains no credential (0.301312ms)
(node:98) [MODULE_TYPELESS_PACKAGE_JSON] Warning: Module type of file:///workspaces/ipm-event/.worktrees/public-ux-staging/frontend/src/services/adminAuthService.ts is not specified and it doesn't parse as CommonJS.
Reparsing as ES module because module syntax was detected. This incurs a performance overhead.
To eliminate this warning, add "type": "module" to /workspaces/ipm-event/.worktrees/public-ux-staging/frontend/package.json.
(Use `node --trace-warnings ...` to show where the warning was created)
✔ staging Organizer Portal uses the same-origin admin proxy (3.003482ms)
✔ non-staging hosts retain the configured backend URL (0.571135ms)
✔ Netlify sends only staging admin routes to the staging backend before the SPA fallback (0.484614ms)
✔ Organizer Portal treats schedule end time as optional (0.945143ms)
✔ Organizer schedule lists retain normal start-to-end rendering when both values exist (0.179535ms)
(node:120) [MODULE_TYPELESS_PACKAGE_JSON] Warning: Module type of file:///workspaces/ipm-event/.worktrees/public-ux-staging/frontend/src/analytics/analyticsCore.ts is not specified and it doesn't parse as CommonJS.
Reparsing as ES module because module syntax was detected. This incurs a performance overhead.
To eliminate this warning, add "type": "module" to /workspaces/ipm-event/.worktrees/public-ux-staging/frontend/package.json.
(Use `node --trace-warnings ...` to show where the warning was created)
✔ visitor ID is generated once and persists (2.527124ms)
✔ production attendee root initializes and attempts session start (2.221564ms)
✔ ordinary analytics delivery avoids keepalive while direct session end retains unload delivery (0.432336ms)
✔ durable queue retries never use keepalive (0.736935ms)
✔ bound analytics fetch preserves the global receiver for direct sends and queued flushes (1.016977ms)
✔ a fresh app runtime attempts session start when local session storage resumes a session (0.537463ms)
✔ excluded and unconfigured routes do not initialize analytics (0.475838ms)
✔ storage unavailable falls back to memory and still supports a session start (0.849484ms)
✔ storage that throws during a write switches once to a stable memory fallback (0.503299ms)
✔ resilient storage preserves persistent visitor and 30-minute session behavior when available (0.561468ms)
✔ production diagnostics are bounded and contain only technical codes (0.832002ms)
✔ session is reused within 30 minutes and rolls over after inactivity (0.416897ms)
✔ client event UUIDs are unique (3.909301ms)
✔ event batching preserves order and bounds each batch (0.328402ms)
✔ failed requests are buffered and retry uses the identical idempotency body (0.535289ms)
✔ transport diagnostics distinguish serialization, fetch invocation, rejection, and HTTP response stages (1.149604ms)
✔ queued retry diagnostics distinguish fetch rejection from a readable retryable response (0.671773ms)
✔ successful transport diagnostics identify only the allowlisted operation and delivery path (0.633301ms)
✔ buffer drops oldest requests when its bounded capacity is exceeded (10.49179ms)
✔ analytics endpoint failure resolves without throwing so attendee actions continue (0.400878ms)
✔ permanently rejected payloads are not retried forever (3.633868ms)
✔ long offline activity retires the expired session, discards its events, and starts a fresh session (1.090034ms)
✔ concurrent invalid-session signals use one recovery and cannot loop (0.219639ms)
✔ short offline periods replay the existing session without recovery (2.44974ms)
✔ an explicitly ended session is retired and attendee work remains non-blocking (0.399986ms)
✔ unrelated 422 validation failures do not rotate a valid session (0.372214ms)
✔ page focus deduplicates rerenders but counts a later refocus (0.185295ms)
✔ admin, preview, and development-only routes are excluded (0.165128ms)
✔ search analytics contains derived counts and never raw text (0.196627ms)
✔ outbound analytics contains controlled identifiers and no URL (0.741423ms)
(node:127) [MODULE_TYPELESS_PACKAGE_JSON] Warning: Module type of file:///workspaces/ipm-event/.worktrees/public-ux-staging/frontend/src/services/adminAuthService.ts is not specified and it doesn't parse as CommonJS.
Reparsing as ES module because module syntax was detected. This incurs a performance overhead.
To eliminate this warning, add "type": "module" to /workspaces/ipm-event/.worktrees/public-ux-staging/frontend/package.json.
(Use `node --trace-warnings ...` to show where the warning was created)
✔ Analytics is enabled inside authenticated organizer navigation, not a public route (1.653655ms)
✔ reporting service sends authenticated range requests to all actual IPM endpoints (1.798214ms)
✔ expired organizer sessions remain detectable by the portal (0.908936ms)
✔ range switching, loading, retry, error and empty states are implemented (0.440221ms)
✔ collection start is server-owned and All Time is explained without a misleading preview date (0.445251ms)
✔ only live activity polls every 30 seconds while aggregate loads are range-driven (0.336007ms)
✔ overview, traffic, and every requested engagement section render (0.489934ms)
✔ privacy-sensitive identifiers and unsupported claims are absent from dashboard presentation (0.363148ms)
✔ responsive-safe layouts use wrapping, compact stacking, collapsible sections and horizontal tables (0.771399ms)
✔ announcement detail consumes the real top safe-area inset (1.942133ms)
✔ header stays readable and its Back control has an accessible touch target (0.314407ms)
✔ announcement detail has an accessible safe-area dismiss control (0.364059ms)
✔ known in-app entries use history and direct entries fall back to Announcements (0.212476ms)
✔ announcement notification deep-link destination remains the detail route (0.207908ms)
✔ safe-area layout remains platform-responsive without device-specific offsets (0.304408ms)
✔ dismissal is local, persistent, and keyed only by stable announcement ID (1.746358ms)
✔ dismissal filters attendee list and Home independently for each ID (0.429692ms)
✔ dismiss action makes no backend request and organizer views are unchanged (0.426125ms)
✔ each list card has a separate accessible 44px dismissal control (0.349081ms)
✔ read state is per-device, persistent, and keyed by stable announcement ID (1.607949ms)
✔ unread derives from the current visible, non-dismissed announcement IDs (0.25764ms)
✔ opening an individual detail through any route still marks only that announcement read (0.289891ms)
✔ Quick Action badge is capped at 9+ without layout shift and exposes an accessible count (0.36448ms)
✔ read and dismissed state remain separate persisted sets (0.274472ms)
✔ Camping Quick Action navigates internally without opening its external destination (1.677069ms)
✔ all supplied camping sections and emergency details render (0.259294ms)
✔ office and pump-out dates, hours, and payment notice are exact (0.252631ms)
✔ water, garbage, empties, trailer service, and quiet time details are present (0.222535ms)
✔ existing camping URL remains centralized and accessible from the page (0.361083ms)
✔ Back handles stack navigation and direct deep links (0.180116ms)
✔ unrelated Quick Actions retain their existing handlers (0.284611ms)
✔ Emergency Services is a hidden internal route from Home (1.34579ms)
✔ page asks for a 3-word location on tap and does not auto-fetch (0.443267ms)
✔ frontend never embeds a What3Words API key (0.343541ms)
✔ backend proxies What3Words from env and never echoes the key (0.989255ms)
✔ official Grounds map dimensions are 1344x2006 (5.367963ms)
✔ Tented City center hit-tests to the smallest containing zone (0.518797ms)
✔ Grounds location resolver is fail-closed (6.454649ms)
✔ Grounds branch renders GroundsMap rather than MapComponent (1.119498ms)
✔ GroundsMap has the official image, camera worklet, and switch callback (0.347718ms)
✔ Home renders Action Buttons before Link Buttons (2.002675ms)
✔ all production Home buttons remain present exactly once (0.860365ms)
✔ Emergency Services appears exactly once in Quick Actions with internal analytics routing (0.554033ms)
✔ Emergency Services uses the reviewed icon styling and accessibility label (0.30565ms)
✔ Emergency Services is unconditional and has no responsive or stored-state visibility rule (0.467221ms)
✔ Quick Actions reflow naturally without width-specific gaps (0.712609ms)
✔ internal controls are isolated under Action Buttons (0.289711ms)
✔ external controls are isolated under Link Buttons without URL changes (0.38036ms)
✔ Camping uses a tent icon and retains its internal route (0.91679ms)
✔ Worship Service appears once under Links and routes internally (0.685168ms)
✔ Camping is an internal Quick Action and its external URL is retained by the Camping page (0.408622ms)
✔ unrelated Home content remains present (0.236371ms)
✔ Links feature the 2026 Show Guide PDF card (0.180606ms)
(node:211) [MODULE_TYPELESS_PACKAGE_JSON] Warning: Module type of file:///workspaces/ipm-event/.worktrees/public-ux-staging/frontend/src/utils/installEnvironment.ts is not specified and it doesn't parse as CommonJS.
Reparsing as ES module because module syntax was detected. This incurs a performance overhead.
To eliminate this warning, add "type": "module" to /workspaces/ipm-event/.worktrees/public-ux-staging/frontend/package.json.
(Use `node --trace-warnings ...` to show where the warning was created)
✔ iPhone Safari receives visual Share and Add to Home Screen instructions (3.196462ms)
✔ iPhone Chrome explains the Safari handoff and installation steps (0.478633ms)
✔ iPhone Firefox explains the Safari handoff (0.383105ms)
✔ iPhone Edge explains the Safari handoff (3.577093ms)
✔ unknown iPhone browser uses the same Safari handoff (0.971111ms)
✔ Android Chrome with native prompt selects the easiest native action (0.833785ms)
✔ Android Chrome without prompt receives current Chrome-specific fallback (1.636623ms)
✔ Samsung Internet is distinct and only broad family is used (0.255206ms)
✔ other Android browser receives safe generic fallback (1.39421ms)
✔ desktop install-capable Chrome receives native action and explicit heading (0.374287ms)
✔ desktop Chrome fallback uses current Cast save and share wording (0.693213ms)
✔ desktop Edge gets Edge-specific Apps instructions (0.213458ms)
✔ standalone mode bypasses guidance (1.228452ms)
✔ unknown environment remains optional and non-blocking (0.264623ms)
✔ decline is respected during cooldown and eligible later (0.488561ms)
✔ component preserves deferred native prompt and invokes it from the install action (1.610454ms)
✔ component preserves standalone bypass, appinstalled handling, and dismissal storage (0.25722ms)
✔ component keeps an accessible optional continuation and labelled instructional cues (0.510732ms)
✔ R deep-linked first visits retain the route without a global installation overlay (0.872347ms)
(node:229) [MODULE_TYPELESS_PACKAGE_JSON] Warning: Module type of file:///workspaces/ipm-event/.worktrees/public-ux-staging/frontend/src/services/itinerarySuggestionPolicy.ts is not specified and it doesn't parse as CommonJS.
Reparsing as ES module because module syntax was detected. This incurs a performance overhead.
To eliminate this warning, add "type": "module" to /workspaces/ipm-event/.worktrees/public-ux-staging/frontend/package.json.
(Use `node --trace-warnings ...` to show where the warning was created)
✔ first addition is quiet; second offers once per session (2.580242ms)
✔ dismissal persists seven-day cooldown and two-show lifetime limit (0.993593ms)
✔ ineligible notification states suppress suggestions (0.90593ms)
✔ concurrent additions show at most once (2.002075ms)
✔ storage failure, invalid history and backwards clock fail quietly (0.590271ms)
✔ favorite save is independent; enrollment UI only mounts after explicit action (1.702616ms)
✔ native Map renders no separate coloured-dot legend (1.567814ms)
✔ native Map preserves artwork and zoom without a location-marker overlay (0.435842ms)
✔ web Map renders no separate coloured-dot legend (0.18743ms)
✔ web Map preserves artwork and zoom without a location-marker overlay (0.289701ms)
✔ all 12 configured location records remain preserved (0.452093ms)
✔ admin explains notification health without promising receipt (1.523632ms)
✔ announcement stats are exact-ledger aggregates with honest historical fallback (0.657798ms)
✔ analytics contracts expose no installation IDs, tokens, hashes, or provider references (0.393213ms)
✔ notification analytics remains additive when production backend is older (0.269062ms)
(node:258) [MODULE_TYPELESS_PACKAGE_JSON] Warning: Module type of file:///workspaces/ipm-event/.worktrees/public-ux-staging/frontend/src/services/notificationDeepLinkCore.ts is not specified and it doesn't parse as CommonJS.
Reparsing as ES module because module syntax was detected. This incurs a performance overhead.
To eliminate this warning, add "type": "module" to /workspaces/ipm-event/.worktrees/public-ux-staging/frontend/package.json.
(Use `node --trace-warnings ...` to show where the warning was created)
✔ production WonderPush clicks retain the announcement detail destination (1.774961ms)
✔ staging, external, malformed, and non-announcement destinations are rejected (0.797838ms)
✔ slow SDK startup and loader/readiness failures receive one bounded retry (2.106859ms)
✔ subscription-status timeout is transient and a successful retry preserves state (0.299218ms)
✔ denied permission and unsupported browsers remain distinct and do not initialize SDK (0.352367ms)
✔ status checks never prompt permission and retry cannot loop infinitely (0.312312ms)
✔ focus and online recovery are event-driven, deduplicated, and offer bounded retry (1.145236ms)
✔ a transient failure offers recovery without initiating permission (0.693314ms)
✔ recoverable mutations use internal state while confirmed error remains user-visible (0.44511ms)
✔ confirmed setup and registration failures retain their explicit recovery UI (0.233455ms)
(node:276) [MODULE_TYPELESS_PACKAGE_JSON] Warning: Module type of file:///workspaces/ipm-event/.worktrees/public-ux-staging/frontend/src/utils/notificationPromptEligibility.ts is not specified and it doesn't parse as CommonJS.
Reparsing as ES module because module syntax was detected. This incurs a performance overhead.
To eliminate this warning, add "type": "module" to /workspaces/ipm-event/.worktrees/public-ux-staging/frontend/package.json.
(Use `node --trace-warnings ...` to show where the warning was created)
✔ optional notification prompt uses a four-hour cooldown (50.943632ms)
✔ America/Toronto calendar day limits prompts to two and resets next day (5.220357ms)
✔ notification help never uses the retired recurring prompt policy (2.67004ms)
✔ notification success stays visible and controls remain discoverable (0.277087ms)
✔ registration stages are explicit and safely bounded (6.480709ms)
✔ registration order preserves lookup and capability-scoped migration rebind (0.527794ms)
✔ clean installation returns before migration recovery (0.635595ms)
✔ initializing SDK waits for installation restoration before recovery subscription (0.882487ms)
✔ restored installation proceeds through one normal setup attempt without a registration loop (0.549095ms)
✔ missing legacy installation performs bounded provider recovery before targeted replacement (0.68101ms)
✔ registration already in progress is observed without another provider mutation (0.384206ms)
✔ stuck provider registration reports only bounded boolean lifecycle state (0.364811ms)
✔ legacy replacement is narrow, permission-safe, idempotent, and bounded (0.480136ms)
✔ completed legacy replacement reports only safe browser and provider lifecycle state (3.862843ms)
✔ completed replacement resynchronizes through documented WonderPush lifecycle (0.431415ms)
✔ invalid credentials and takeover responses do not retry (0.406779ms)
✔ Home distinguishes subscribed, pending, ready and failed setup (0.239016ms)
✔ session initialization remains pending and automatically resumes setup (0.324345ms)
✔ pending startup remains visible until provider readiness while genuine failures retain recovery UI (0.714473ms)
✔ provider-ready subscribers see success without another enrollment request (0.213928ms)
✔ safe UI and diagnostics do not render sensitive device material (6.487531ms)
✔ T-30 remains hard disabled (0.349131ms)
✔ every existing registration operation publishes pending and completed stages (5.904533ms)
✔ HTTP instrumentation distinguishes headers, parsing, completion, and safe failures (0.399976ms)
✔ stage instrumentation does not add or reorder network requests (0.426816ms)
✔ production About renders no registration workflow engineering metadata (1.804766ms)
✔ one root worker assigns push and notificationclick to WonderPush (1.550121ms)
✔ IPM retains versioned shell and navigation ownership with fresh admin login (0.309437ms)
✔ legacy Webpushr bell remains suppressed without loading its SDK (0.404845ms)
✔ new and already-waiting workers are discovered without a manual update prompt (0.360092ms)
✔ safe Home state activates the waiting worker and reloads exactly once after control changes (0.597084ms)
✔ first installs and already-current builds do not activate or reload (0.351996ms)
✔ safe resume checks, activates once, and offline checks remain suppressed (0.448236ms)
✔ foreground scheduler stops for unsafe, hidden, offline, and disposed states (0.397352ms)
✔ bounded local diagnostics cover the update and activation lifecycle (0.454357ms)
✔ Emergency Services and authenticated flows defer activation until a safe route (0.515241ms)
✔ an already-stale admin login receives a one-time bootstrap recovery (0.371854ms)
✔ updates preserve itinerary and origin storage and retain one WonderPush worker (0.411257ms)
(node:320) [MODULE_TYPELESS_PACKAGE_JSON] Warning: Module type of file:///workspaces/ipm-event/.worktrees/public-ux-staging/frontend/src/utils/installEnvironment.ts is not specified and it doesn't parse as CommonJS.
Reparsing as ES module because module syntax was detected. This incurs a performance overhead.
To eliminate this warning, add "type": "module" to /workspaces/ipm-event/.worktrees/public-ux-staging/frontend/package.json.
(Use `node --trace-warnings ...` to show where the warning was created)
Unable to save PWA install dismissal: TypeError: async_storage_1.default.setItem is not a function
    at Object.<anonymous> (evalmachine.<anonymous>:168:66)
    at step (evalmachine.<anonymous>:67:23)
    at Object.next (evalmachine.<anonymous>:48:53)
    at evalmachine.<anonymous>:42:71
    at new Promise (<anonymous>)
    at __awaiter (evalmachine.<anonymous>:38:12)
    at evalmachine.<anonymous>:156:65
    at Object.<anonymous> (evalmachine.<anonymous>:205:42)
    at step (evalmachine.<anonymous>:67:23)
    at Object.next (evalmachine.<anonymous>:48:53)
Unable to save PWA install dismissal: TypeError: async_storage_1.default.setItem is not a function
    at Object.<anonymous> (evalmachine.<anonymous>:168:66)
    at step (evalmachine.<anonymous>:67:23)
    at Object.next (evalmachine.<anonymous>:48:53)
    at evalmachine.<anonymous>:42:71
    at new Promise (<anonymous>)
    at __awaiter (evalmachine.<anonymous>:38:12)
    at Object.onPress (evalmachine.<anonymous>:156:65)
    at Object.click (file:///workspaces/ipm-event/.worktrees/public-ux-staging/frontend/tests/onboarding-runtime.test.mjs:48:208)
    at TestContext.<anonymous> (file:///workspaces/ipm-event/.worktrees/public-ux-staging/frontend/tests/onboarding-runtime.test.mjs:85:165)
    at process.processTicksAndRejections (node:internal/process/task_queues:104:5)
Unable to save PWA install dismissal: TypeError: async_storage_1.default.setItem is not a function
    at Object.<anonymous> (evalmachine.<anonymous>:168:66)
    at step (evalmachine.<anonymous>:67:23)
    at Object.next (evalmachine.<anonymous>:48:53)
    at evalmachine.<anonymous>:42:71
    at new Promise (<anonymous>)
    at __awaiter (evalmachine.<anonymous>:38:12)
    at Object.onPress (evalmachine.<anonymous>:156:65)
    at Object.click (file:///workspaces/ipm-event/.worktrees/public-ux-staging/frontend/tests/onboarding-runtime.test.mjs:48:208)
    at TestContext.<anonymous> (file:///workspaces/ipm-event/.worktrees/public-ux-staging/frontend/tests/onboarding-runtime.test.mjs:85:165)
    at process.processTicksAndRejections (node:internal/process/task_queues:104:5)
Unable to save PWA install dismissal: TypeError: async_storage_1.default.setItem is not a function
    at Object.<anonymous> (evalmachine.<anonymous>:168:66)
    at step (evalmachine.<anonymous>:67:23)
    at Object.next (evalmachine.<anonymous>:48:53)
    at evalmachine.<anonymous>:42:71
    at new Promise (<anonymous>)
    at __awaiter (evalmachine.<anonymous>:38:12)
    at Object.onPress (evalmachine.<anonymous>:156:65)
    at Object.click (file:///workspaces/ipm-event/.worktrees/public-ux-staging/frontend/tests/onboarding-runtime.test.mjs:48:208)
    at TestContext.<anonymous> (file:///workspaces/ipm-event/.worktrees/public-ux-staging/frontend/tests/onboarding-runtime.test.mjs:85:165)
    at process.processTicksAndRejections (node:internal/process/task_queues:104:5)
✔ A first Android: opening and closing options never enrolls or prompts (396.951579ms)
✔ D Android enabled: opening and closing options never enrolls or prompts (191.332772ms)
✔ E Android denied: opening and closing options never enrolls or prompts (122.050977ms)
✔ F first iPhone: opening and closing options never enrolls or prompts (150.655378ms)
✔ H installed iPhone: opening and closing options never enrolls or prompts (179.173952ms)
✔ J iPhone denied: opening and closing options never enrolls or prompts (130.125254ms)
✔ K desktop: opening and closing options never enrolls or prompts (45.301378ms)
✔ L unsupported: opening and closing options never enrolls or prompts (90.832405ms)
✔ N returning enabled: opening and closing options never enrolls or prompts (87.831517ms)
✔ O returning denied: opening and closing options never enrolls or prompts (68.963952ms)
✔ explicit opt-in enrolls once and shows success; reopening is read-only (133.265013ms)
✔ P offline launch and Q reconnect keep controls safe and refresh once (100.509272ms)
✔ bounded status failure gives an explicit read retry, never a permission loop (100.935599ms)
✔ B native install is captured without opening help, then used only on click (103.420854ms)
✔ M dismissal never reopens install help: Android Chrome/130.0 (66.325725ms)
✔ M dismissal never reopens install help: iPhone Safari/604.1 (92.212837ms)
✔ M dismissal never reopens install help: Windows Chrome/130.0 (123.351782ms)
✔ C installed Android and iPhone offer status instead of another install action (130.669938ms)
✔ G/i iPhone notification help is capability-specific and preserves browser use (0.367886ms)
✔ a waiting worker activates automatically when Home is safe (14.214865ms)
✔ Home becoming safe checks immediately and schedules a 45-second foreground check (20.801953ms)
✔ foreground scheduler stops off Home, when hidden, when offline, and when disposed (2.097672ms)
✔ pageshow, focus, visible resume, and online retain update checks (3.153543ms)
✔ update checks never overlap (2.529257ms)
✔ a waiting worker stays deferred on sensitive flows and activates after reaching Home (2.233035ms)
✔ safe resume activates once and controller changes reload exactly once (1.412265ms)
✔ first install and an already-current build do not activate or reload (17.073386ms)
✔ offline resume preserves a downloaded update but does not perform a network check (1.690484ms)
✔ S update waits for every help/enrollment interaction and release is idempotent (1.776063ms)
✔ an interaction started after activation still defers the controller-change reload (1.400702ms)
✔ manifest declares distinct, correctly sized any and maskable install icons (21.20994ms)
✔ every approved Schedule category maps to the exact centralized colours (4.060113ms)
✔ unknown and missing categories use the exact neutral fallback (0.350994ms)
✔ CKNX detail badge uses the authorized WCAG AA white foreground (1.21127ms)
✔ all approved text/background combinations retain WCAG AA contrast (6.800324ms)
✔ Schedule cards, filters, mobile sheet, and detail modal use category styles (8.741354ms)
✔ category names and non-colour selected-state cues remain visible (0.574311ms)
✔ mobile selected-category label keeps the existing category colour treatment (6.849656ms)
✔ Schedule category controls do not render decorative colour dots or a colour legend (0.365582ms)
✔ production event fields and ordering remain read-only (0.387042ms)
✔ backport does not introduce staging notification or reminder functionality (0.654761ms)
✔ permanent MNP slug resolves to the authoritative production category (2.96439ms)
✔ unknown and ambiguous query values fail closed without selecting a category (0.398624ms)
✔ the same mechanism supports stable slugs for other schedule categories (0.399636ms)
✔ Schedule composes category with source and applies it through existing filter state (0.54155ms)
✔ desktop category rendering has labels and tints without decorative category icons (3.215187ms)
✔ narrow-mobile category rendering keeps labels, tints, and checkmark without decorative category icons (0.638822ms)
✔ no Schedule category tag glyph or colour legend remains in any responsive path (0.393073ms)
✔ event cards and detail category styling retain category colour treatments and labels (0.51434ms)
(node:382) [MODULE_TYPELESS_PACKAGE_JSON] Warning: Module type of file:///workspaces/ipm-event/.worktrees/public-ux-staging/frontend/src/utils/scheduleDate.ts is not specified and it doesn't parse as CommonJS.
Reparsing as ES module because module syntax was detected. This incurs a performance overhead.
To eliminate this warning, add "type": "module" to /workspaces/ipm-event/.worktrees/public-ux-staging/frontend/package.json.
(Use `node --trace-warnings ...` to show where the warning was created)
✔ IPM date-only schedule values stay on their Ontario calendar dates (68.180382ms)
✔ invalid date-only values fail safely and non-date timestamps retain normal behavior (0.915087ms)
✔ first meaningful Schedule visit overlays the already-loaded Schedule with a modal (3.266062ms)
✔ modal blocks background interaction and supports accessible dismissal (0.738618ms)
✔ onboarding acknowledgement persists, suppresses reopening, and has a versioned reset (0.716246ms)
✔ pre-cutover reminder wording is future-facing, approximate, and eligibility-qualified (1.105141ms)
✔ successful star confirms itinerary addition and unstar remains unchanged (0.506746ms)
✔ Schedule stars are outlined when unselected and solid yellow when selected (0.515231ms)
✔ contradictory post-star reminder offer is consolidated without notification changes (0.794202ms)
✔ Schedule filtering and category controls remain present (0.256568ms)
✔ authoritative Schedule uses the final Beyond Wireless stage name (2.330066ms)
✔ attendee schedule derives real category filters and combines them with day, search, and Starred (1.268546ms)
✔ desktop retains category pills while mobile uses the compact category selector (0.450571ms)
✔ mobile category button shows the selected official name and restores Categories when cleared (0.293247ms)
✔ mobile category button safely truncates long names while accessibility retains the full name (1.36184ms)
✔ mobile category selector exposes every full category option and supports clear and dismissal (0.823867ms)
✔ mobile keeps day controls and category composes with day, search, and Starred (4.480938ms)
✔ blank schedule descriptions remain optional in cards, details, and itinerary (0.303676ms)
✔ start-time-only events render without a trailing separator (0.312934ms)
✔ mobile category selector derives options and therefore includes Parade Week (0.370762ms)
✔ attendee schedule and itinerary use Ontario-safe date-only formatting (0.596592ms)
(node:411) [MODULE_TYPELESS_PACKAGE_JSON] Warning: Module type of file:///workspaces/ipm-event/.worktrees/public-ux-staging/frontend/src/services/subscriptionReconciliationCore.ts is not specified and it doesn't parse as CommonJS.
Reparsing as ES module because module syntax was detected. This incurs a performance overhead.
To eliminate this warning, add "type": "module" to /workspaces/ipm-event/.worktrees/public-ux-staging/frontend/package.json.
(Use `node --trace-warnings ...` to show where the warning was created)
✔ launch, reconnect storms and foreground coalesce; in-flight Web Lock is shared (751.74172ms)
(node:418) [MODULE_TYPELESS_PACKAGE_JSON] Warning: Module type of file:///workspaces/ipm-event/.worktrees/public-ux-staging/frontend/src/services/subscriptionReconciliationCore.ts is not specified and it doesn't parse as CommonJS.
Reparsing as ES module because module syntax was detected. This incurs a performance overhead.
To eliminate this warning, add "type": "module" to /workspaces/ipm-event/.worktrees/public-ux-staging/frontend/package.json.
(Use `node --trace-warnings ...` to show where the warning was created)
✔ exact mismatch recovery protocol confirms only after browser reread; subscription preserved (7.445468ms)
✔ SDK settling happens before comparison; healthy result has no mutation phase (3.335872ms)
✔ rotation before-check (0.990477ms)
✔ rotation during-check (0.835739ms)
✔ rotation during-confirm (0.577126ms)
✔ offline never requests repair (1.407486ms)
✔ permission never requests repair (0.28414ms)
✔ capability never requests repair (0.207357ms)
✔ missing-subscription never requests repair (0.874391ms)
✔ identity never requests repair (1.519314ms)
✔ optout never requests repair (0.557489ms)
✔ response and exception canaries sanitized (0.684176ms)
✔ permission lost after request cannot be VERIFIED (0.384998ms)
✔ coordination uses Web Locks, bounded retries and strict staging gate (0.794281ms)
✔ automatic recovery cannot enter legacy replacement or enrollment (0.769786ms)
✔ staging build derives API proxies from validated deployment backend (0.381872ms)
✔ 1A has three parents and 38 lots (2.448999ms)
✔ 1A-01 is on the west edge of 1A 1-12 (0.221533ms)
✔ 1A-12 ends at the east edge of 1A 1-12 (1.87659ms)
✔ 1A-09 is the ninth equal slice and matches ACE PDF geometry (0.353449ms)
✔ 1A 25-38 is 14 lots that fill the parent and are not copied from 1A 1-12 (2.642138ms)
✔ 1A adapter still exports 1A helpers from PDF geometry (0.441864ms)
✔ TentedCityMap highlights vendor footprints from PDF geometry (0.414103ms)
✖ map screen keeps Grounds MapComponent and passes verify1A (15.068416ms)
✔ stages without PDF lots can still use the pin path (1.055348ms)
✔ clampScale keeps 1..4.5 (4.086202ms)
✔ zoomAroundFocal keeps the map point under the focal in the viewport (2.64827ms)
✔ zoomAroundFocal clamps scale and still keeps the focal (2.01566ms)
✔ clampTranslation at fit keeps translation ~0 (0.452634ms)
✔ clampTranslation keeps a mild portion of the map on screen (1.881549ms)
✔ translationBounds does not letterbox-lock at mild zoom (0.770016ms)
✔ rubberBand eases past the edge then clamp snaps back (0.352688ms)
✔ decayStep reduces velocity (0.220381ms)
✔ flyToRect frames a booth above the reserved bottom and stays in bounds (4.596213ms)
✔ pinch with moving focal keeps the original map point and follows the centroid (2.726405ms)
✔ fit-scale pan bounds stay locked at 0 (1.599724ms)
✔ TentedCityMap uses the camera helpers, viewport gestures, and inertia (3.358504ms)
✔ affine mapping is page percent, not a crop offset (5.283775ms)
✔ 1A-09 PDF percents sit on the official PNG (not the old eyeballed grid) (1.858847ms)
✔ 5A 5-12 is 8 lots starting at 5 and 5A-01 does not exist (1.312007ms)
✔ 6B 26-29 is flagged and not a confident individual-lot source (0.371032ms)
✔ ACE / JCB at 1A-09 is confident_lot with PDF rect (0.596382ms)
✔ matcher totals cover every vendor (0.240799ms)
✔ normalize 1A-09 variants in the matcher (0.387262ms)
✔ TentedCityMap uses footprintForVendor and does not draw all lots (0.493941ms)
✔ 3B-07-12 vendors map to the named Bruce Power tent, not invented lots (0.459347ms)
✔ 1A 13-24 is separated from 1A 1-12 by the avenue gap (0.340315ms)
✔ lotsConnected rejects a street gap / different parent (0.544346ms)
✔ Agilec clusters into two tight range rects, not the road union (3.177077ms)
✔ ACE / JCB stays a single 1A-09 stall (0.463384ms)
✔ every bundled exhibitor with mapped lots paints one rect per cluster (16.159381ms)
✔ TentedCityMap paints each cluster rect, not the union, with a tight halo (0.521283ms)
✔ Hanover / RAM / Wroxeter / Bell leftovers stay unmatched or 5A-missing (0.630677ms)
node:fs:1569
  const result = binding.readdir(
                         ^

Error: ENOENT: no such file or directory, scandir '/workspaces/ipm-event/.worktrees/public-ux-staging/frontend/data'
    at Object.readdirSync (node:fs:1569:26)
    at loadExhibitors (file:///workspaces/ipm-event/.worktrees/public-ux-staging/frontend/tests/tented-city-map.test.mjs:13:25)
    at file:///workspaces/ipm-event/.worktrees/public-ux-staging/frontend/tests/tented-city-map.test.mjs:114:17
    at ModuleJob.run (node:internal/modules/esm/module_job:430:25)
    at async onImport.tracePromise.__proto__ (node:internal/modules/esm/loader:661:26)
    at async asyncRunEntryPointWithESMLoader (node:internal/modules/run_main:101:5) {
  errno: -2,
  code: 'ENOENT',
  syscall: 'scandir',
  path: '/workspaces/ipm-event/.worktrees/public-ux-staging/frontend/data'
}

Node.js v24.14.0
✖ frontend/tests/tented-city-map.test.mjs (164.96502ms)
✔ short queries use word boundaries so ACE does not match Wallaceburg (4.040937ms)
✔ booth numbers match (0.249435ms)
✔ vendor names match beyond three letters (0.184985ms)
✔ ACE / JCB still resolves to 1A-09 (33.540259ms)
✔ live-list alias finds the bundled exhibitor (36.891824ms)
✔ city-stripped live name finds the exhibitor (26.078933ms)
✔ Gay Lea live-list name finds the exhibitor once (12.114155ms)
✔ default search limit can return more than 8 hits (21.364239ms)
✔ wrap-split live names stay unmapped unless uniquely proven (11.106226ms)
✔ source files restore Find on Map, live-name search, and scrollable results (1.101706ms)
✔ Armtec live name maps to Farming for the Future tent 1B-16-22 (8.168356ms)
✔ keeps the rollback bell guard while active ownership switches providers (1.456948ms)
✔ removes the Webpushr bell from layout and hit testing only (0.346948ms)
✔ keeps all four bottom-navigation touch targets unobstructed (0.807417ms)
✔ does not promote staging-only attendee features (0.315027ms)
✔ production frontend reads WonderPush configuration from deployment environment (1.610254ms)
✔ normal announcement delivery has TTL and idempotency but no campaignId (0.283048ms)
✔ production announcement links are same-origin and never staging (0.388285ms)
✔ exact-device tests cannot degrade to broadcast and remain Owner-only in UI (0.348711ms)
✔ ordinary registration preserves register-before-status lifecycle (0.431885ms)
✔ T-30 delivery and scheduling are hard-disabled by the cutover (0.246219ms)
(node:478) [MODULE_TYPELESS_PACKAGE_JSON] Warning: Module type of file:///workspaces/ipm-event/.worktrees/public-ux-staging/frontend/src/services/wonderPushRuntimeDiagnosticCore.ts is not specified and it doesn't parse as CommonJS.
Reparsing as ES module because module syntax was detected. This incurs a performance overhead.
To eliminate this warning, add "type": "module" to /workspaces/ipm-event/.worktrees/public-ux-staging/frontend/package.json.
(Use `node --trace-warnings ...` to show where the warning was created)
✔ maps every known WonderPush session state and safely handles unknown values (4.629796ms)
✔ classifies WonderPush authentication failures without retaining response values (0.318545ms)
✔ classifies passive XHR terminal events distinctly (0.84178ms)
✔ offline and matching CSP observations override generic network errors (0.297114ms)
✔ temporary initialization diagnostic is enabled only for the staging backend (0.526131ms)
✔ diagnostic refresh performs only read operations (1.894804ms)
✔ init failure observer is staging-gated, pass-through, and retains no sensitive material (4.49363ms)
✔ failure UI renders classifications only and never sensitive provider values (1.208404ms)
✔ production About does not render temporary WonderPush engineering state (0.522374ms)
✔ transition history is in-memory, bounded, and observer-only (1.052593ms)
✔ Home setup behavior is unchanged apart from publishing safe workflow state (0.275714ms)
✔ Worship Service route is registered and hidden from bottom tabs (1.722643ms)
✔ the combined production image is the sole Worship Service artwork (0.481538ms)
✔ the image itself determines mobile artwork height without blank layout space (0.571856ms)
✔ narrow Android viewports fit the complete artwork without horizontal overflow (0.388424ms)
✔ original PDF action uses the exact tracked external destination (0.309748ms)
✔ page provides accessible artwork labels and safe Back navigation (0.354562ms)
✔ candidate introduces no notification or reminder integration (2.802007ms)
ℹ tests 337
ℹ suites 0
ℹ pass 335
ℹ fail 2
ℹ cancelled 0
ℹ skipped 0
ℹ todo 0
ℹ duration_ms 15386.148998

✖ failing tests:

test at frontend/tests/tented-city-1a.test.mjs:135:1
✖ map screen keeps Grounds MapComponent and passes verify1A (15.068416ms)
  AssertionError [ERR_ASSERTION]: The expression evaluated to a falsy value:
  
    assert.ok(screen.includes('import MapComponent from'))
  
      at TestContext.<anonymous> (file:///workspaces/ipm-event/.worktrees/public-ux-staging/frontend/tests/tented-city-1a.test.mjs:137:10)
      at Test.runInAsyncScope (node:async_hooks:228:14)
      at Test.run (node:internal/test_runner/test:1118:25)
      at Test.processPendingSubtests (node:internal/test_runner/test:787:18)
      at Test.postRun (node:internal/test_runner/test:1247:19)
      at Test.run (node:internal/test_runner/test:1175:12)
      at async Test.processPendingSubtests (node:internal/test_runner/test:787:7) {
    generatedMessage: true,
    code: 'ERR_ASSERTION',
    actual: false,
    expected: true,
    operator: '==',
    diff: 'simple'
  }

test at frontend/tests/tented-city-map.test.mjs:1:1
✖ frontend/tests/tented-city-map.test.mjs (164.96502ms)
  'test failed'
