✔ About shows a compact build-time value at the absolute bottom (17.056552ms)
✔ production and staging labels are distinct and embedded with the bundle (6.828998ms)
✔ automatic build value is short, monotonic by build minute, and contains no credential (0.655583ms)
✔ Organizer Portal treats schedule end time as optional (1.354185ms)
✔ Organizer schedule lists retain normal start-to-end rendering when both values exist (0.226803ms)
(node:108) [MODULE_TYPELESS_PACKAGE_JSON] Warning: Module type of file:///workspaces/ipm-event/.worktrees/public-ux-pwa-audit/frontend/src/analytics/analyticsCore.ts is not specified and it doesn't parse as CommonJS.
Reparsing as ES module because module syntax was detected. This incurs a performance overhead.
To eliminate this warning, add "type": "module" to /workspaces/ipm-event/.worktrees/public-ux-pwa-audit/frontend/package.json.
(Use `node --trace-warnings ...` to show where the warning was created)
✔ visitor ID is generated once and persists (4.591464ms)
✔ production attendee root initializes and attempts session start (4.226794ms)
✔ ordinary analytics delivery avoids keepalive while direct session end retains unload delivery (0.481768ms)
✔ durable queue retries never use keepalive (2.033783ms)
✔ bound analytics fetch preserves the global receiver for direct sends and queued flushes (4.395899ms)
✔ a fresh app runtime attempts session start when local session storage resumes a session (1.968161ms)
✔ excluded and unconfigured routes do not initialize analytics (0.368377ms)
✔ storage unavailable falls back to memory and still supports a session start (2.715164ms)
✔ storage that throws during a write switches once to a stable memory fallback (3.378872ms)
✔ resilient storage preserves persistent visitor and 30-minute session behavior when available (0.954881ms)
✔ production diagnostics are bounded and contain only technical codes (0.728258ms)
✔ session is reused within 30 minutes and rolls over after inactivity (0.497929ms)
✔ client event UUIDs are unique (17.171158ms)
✔ event batching preserves order and bounds each batch (0.405216ms)
✔ failed requests are buffered and retry uses the identical idempotency body (7.199799ms)
✔ transport diagnostics distinguish serialization, fetch invocation, rejection, and HTTP response stages (4.718842ms)
✔ queued retry diagnostics distinguish fetch rejection from a readable retryable response (6.123471ms)
✔ successful transport diagnostics identify only the allowlisted operation and delivery path (9.775624ms)
✔ buffer drops oldest requests when its bounded capacity is exceeded (31.901093ms)
✔ analytics endpoint failure resolves without throwing so attendee actions continue (9.198348ms)
✔ permanently rejected payloads are not retried forever (10.659482ms)
✔ long offline activity retires the expired session, discards its events, and starts a fresh session (3.322578ms)
✔ concurrent invalid-session signals use one recovery and cannot loop (0.322862ms)
✔ short offline periods replay the existing session without recovery (0.424902ms)
✔ an explicitly ended session is retired and attendee work remains non-blocking (0.398593ms)
✔ unrelated 422 validation failures do not rotate a valid session (0.291634ms)
✔ page focus deduplicates rerenders but counts a later refocus (0.19264ms)
✔ admin, preview, and development-only routes are excluded (12.827606ms)
✔ search analytics contains derived counts and never raw text (9.879387ms)
✔ outbound analytics contains controlled identifiers and no URL (0.290252ms)
(node:115) [MODULE_TYPELESS_PACKAGE_JSON] Warning: Module type of file:///workspaces/ipm-event/.worktrees/public-ux-pwa-audit/frontend/src/services/adminAuthService.ts is not specified and it doesn't parse as CommonJS.
Reparsing as ES module because module syntax was detected. This incurs a performance overhead.
To eliminate this warning, add "type": "module" to /workspaces/ipm-event/.worktrees/public-ux-pwa-audit/frontend/package.json.
(Use `node --trace-warnings ...` to show where the warning was created)
✔ Analytics is enabled inside authenticated organizer navigation, not a public route (10.78142ms)
✔ reporting service sends authenticated range requests to all actual IPM endpoints (20.699548ms)
✔ expired organizer sessions remain detectable by the portal (1.056581ms)
✔ range switching, loading, retry, error and empty states are implemented (0.307023ms)
✔ collection start is server-owned and All Time is explained without a misleading preview date (3.944417ms)
✔ only live activity polls every 30 seconds while aggregate loads are range-driven (0.426556ms)
✔ overview, traffic, and every requested engagement section render (0.344362ms)
✔ privacy-sensitive identifiers and unsupported claims are absent from dashboard presentation (2.438478ms)
✔ responsive-safe layouts use wrapping, compact stacking, collapsible sections and horizontal tables (0.462091ms)
✔ announcement detail consumes the real top safe-area inset (3.936943ms)
✔ header stays readable and its Back control has an accessible touch target (1.082239ms)
✔ announcement detail has an accessible safe-area dismiss control (1.971528ms)
✔ known in-app entries use history and direct entries fall back to Announcements (0.254945ms)
✔ announcement notification deep-link destination remains the detail route (0.255527ms)
✔ safe-area layout remains platform-responsive without device-specific offsets (0.787339ms)
✔ dismissal is local, persistent, and keyed only by stable announcement ID (8.467214ms)
✔ dismissal filters attendee list and Home independently for each ID (0.543704ms)
✔ dismiss action makes no backend request and organizer views are unchanged (0.476499ms)
✔ each list card has a separate accessible 44px dismissal control (0.358589ms)
✔ read state is per-device, persistent, and keyed by stable announcement ID (1.752288ms)
✔ unread derives from the current visible, non-dismissed announcement IDs (0.308635ms)
✔ opening an individual detail through any route still marks only that announcement read (0.249376ms)
✔ Quick Action badge is capped at 9+ without layout shift and exposes an accessible count (0.370471ms)
✔ read and dismissed state remain separate persisted sets (0.245057ms)
✔ Camping Quick Action navigates internally without opening its external destination (15.772019ms)
✔ all supplied camping sections and emergency details render (0.422858ms)
✔ office and pump-out dates, hours, and payment notice are exact (3.980344ms)
✔ water, garbage, empties, trailer service, and quiet time details are present (0.281635ms)
✔ existing camping URL remains centralized and accessible from the page (7.855533ms)
✔ Back handles stack navigation and direct deep links (0.237002ms)
✔ unrelated Quick Actions retain their existing handlers (0.294018ms)
✔ Emergency uses body-only POST to IPM with no storage, telemetry or provider secret (10.262973ms)
✔ Emergency remains user initiated and independent of maps/notifications (0.478011ms)
✔ backend has bounded body/rate control and no logging/persistence sinks (5.03957ms)
✔ the exact staging Emergency card is first, preserving every existing Home byte (42.804801ms)
✔ Emergency JSX, copy, layout and location flow exactly match staging while retaining private POST (94.298319ms)
✔ shared responsive styling, Share, map, notification and itinerary source remain production bytes (215.910815ms)
✔ Home renders Action Buttons before Link Buttons (10.362028ms)
✔ all production Home buttons remain present exactly once (1.253999ms)
✔ SOS is absent from the production Home entry point (0.446633ms)
✔ Quick Actions reflow naturally without width-specific gaps (0.520802ms)
✔ internal controls are isolated under Action Buttons (0.373667ms)
✔ external controls are isolated under Link Buttons without URL changes (4.297316ms)
✔ Camping uses a tent icon and retains its internal route (0.276005ms)
✔ Worship Service appears once under Links and routes internally (2.711317ms)
✔ Camping is an internal Quick Action and its external URL is retained by the Camping page (0.334744ms)
✔ unrelated Home content remains present (3.164863ms)
✔ Links feature the 2026 Show Guide PDF card (0.391109ms)
(node:206) [MODULE_TYPELESS_PACKAGE_JSON] Warning: Module type of file:///workspaces/ipm-event/.worktrees/public-ux-pwa-audit/frontend/src/utils/installEnvironment.ts is not specified and it doesn't parse as CommonJS.
Reparsing as ES module because module syntax was detected. This incurs a performance overhead.
To eliminate this warning, add "type": "module" to /workspaces/ipm-event/.worktrees/public-ux-pwa-audit/frontend/package.json.
(Use `node --trace-warnings ...` to show where the warning was created)
✔ iPhone Safari receives visual Share and Add to Home Screen instructions (14.907125ms)
✔ iPhone Chrome explains the Safari handoff and installation steps (0.954681ms)
✔ iPhone Firefox explains the Safari handoff (0.310138ms)
✔ iPhone Edge explains the Safari handoff (1.476484ms)
✔ unknown iPhone browser uses the same Safari handoff (2.650354ms)
✔ Android Chrome with native prompt selects the easiest native action (0.594028ms)
✔ Android Chrome without prompt receives current Chrome-specific fallback (0.446654ms)
✔ Samsung Internet is distinct and only broad family is used (0.296593ms)
✔ other Android browser receives safe generic fallback (1.119999ms)
✔ desktop install-capable Chrome receives native action and explicit heading (0.789773ms)
✔ desktop Chrome fallback uses current Cast save and share wording (0.805603ms)
✔ desktop Edge gets Edge-specific Apps instructions (0.923252ms)
✔ standalone mode bypasses guidance (0.208229ms)
✔ unknown environment remains optional and non-blocking (0.212316ms)
✔ decline is respected during cooldown and eligible later (1.138523ms)
✔ component preserves deferred native prompt and invokes it from the install action (8.328344ms)
✔ component preserves standalone bypass, appinstalled handling, and dismissal storage (0.336969ms)
✔ component keeps an accessible optional continuation and labelled instructional cues (0.316801ms)
✔ R deep-linked first visits retain the route without a global installation overlay (0.968647ms)
(node:224) [MODULE_TYPELESS_PACKAGE_JSON] Warning: Module type of file:///workspaces/ipm-event/.worktrees/public-ux-pwa-audit/frontend/src/services/itinerarySuggestionPolicy.ts is not specified and it doesn't parse as CommonJS.
Reparsing as ES module because module syntax was detected. This incurs a performance overhead.
To eliminate this warning, add "type": "module" to /workspaces/ipm-event/.worktrees/public-ux-pwa-audit/frontend/package.json.
(Use `node --trace-warnings ...` to show where the warning was created)
✔ first addition is quiet; second offers once per session (4.266679ms)
✔ dismissal persists seven-day cooldown and two-show lifetime limit (2.051126ms)
✔ ineligible notification states suppress suggestions (1.25979ms)
✔ concurrent additions show at most once (1.721902ms)
✔ storage failure, invalid history and backwards clock fail quietly (4.897265ms)
✔ favorite save is independent; enrollment UI only mounts after explicit action (6.527665ms)
✔ native Map renders no separate coloured-dot legend (11.441662ms)
✔ native Map preserves artwork and zoom without a location-marker overlay (2.1873ms)
✔ web Map renders no separate coloured-dot legend (0.198731ms)
✔ web Map preserves artwork and zoom without a location-marker overlay (0.223758ms)
✔ all 12 configured location records remain preserved (0.427186ms)
✔ admin explains notification health without promising receipt (5.920603ms)
✔ announcement stats are exact-ledger aggregates with honest historical fallback (0.518657ms)
✔ analytics contracts expose no installation IDs, tokens, hashes, or provider references (1.148512ms)
✔ notification analytics remains additive when production backend is older (0.313395ms)
(node:253) [MODULE_TYPELESS_PACKAGE_JSON] Warning: Module type of file:///workspaces/ipm-event/.worktrees/public-ux-pwa-audit/frontend/src/services/notificationDeepLinkCore.ts is not specified and it doesn't parse as CommonJS.
Reparsing as ES module because module syntax was detected. This incurs a performance overhead.
To eliminate this warning, add "type": "module" to /workspaces/ipm-event/.worktrees/public-ux-pwa-audit/frontend/package.json.
(Use `node --trace-warnings ...` to show where the warning was created)
✔ production WonderPush clicks retain the announcement detail destination (8.054524ms)
✔ staging, external, malformed, and non-announcement destinations are rejected (1.934027ms)
(node:260) [MODULE_TYPELESS_PACKAGE_JSON] Warning: Module type of file:///workspaces/ipm-event/.worktrees/public-ux-pwa-audit/frontend/src/utils/notificationPromptEligibility.ts is not specified and it doesn't parse as CommonJS.
Reparsing as ES module because module syntax was detected. This incurs a performance overhead.
To eliminate this warning, add "type": "module" to /workspaces/ipm-event/.worktrees/public-ux-pwa-audit/frontend/package.json.
(Use `node --trace-warnings ...` to show where the warning was created)
✔ optional notification prompt uses a four-hour cooldown (125.201741ms)
✔ America/Toronto calendar day limits prompts to two and resets next day (17.08626ms)
✔ notification help never uses the retired recurring prompt policy (0.600549ms)
✔ notification success stays visible and controls remain discoverable (25.574001ms)
✔ registration stages are explicit and safely bounded (4.449589ms)
✔ registration order preserves lookup and capability-scoped migration rebind (0.434241ms)
✔ clean installation returns before migration recovery (0.23052ms)
✔ missing legacy installation performs bounded provider recovery before targeted replacement (0.540448ms)
✔ registration already in progress is observed without another provider mutation (0.408412ms)
✔ stuck provider registration reports only bounded boolean lifecycle state (0.435112ms)
✔ legacy replacement is narrow, permission-safe, idempotent, and bounded (1.538951ms)
✔ completed legacy replacement reports only safe browser and provider lifecycle state (0.377454ms)
✔ completed replacement resynchronizes through documented WonderPush lifecycle (1.476885ms)
✔ invalid credentials and takeover responses do not retry (3.30242ms)
✔ Home distinguishes subscribed, pending, ready and failed setup (0.280764ms)
✔ session initialization remains pending and automatically resumes setup (0.373546ms)
✔ pending startup hides actions while genuine failures retain recovery UI (0.817154ms)
✔ optional notification controls preserve clear status without auto-opening (0.180556ms)
✔ safe UI and diagnostics do not render sensitive device material (8.749229ms)
✔ T-30 remains hard disabled (1.737881ms)
✔ every existing registration operation publishes pending and completed stages (5.726441ms)
✔ HTTP instrumentation distinguishes headers, parsing, completion, and safe failures (0.404594ms)
✔ stage instrumentation does not add or reorder network requests (1.508805ms)
✔ production About renders no registration workflow engineering metadata (0.5303ms)
✔ one root worker assigns push and notificationclick to WonderPush (13.844173ms)
✔ IPM retains versioned shell and cache-first navigation ownership (0.349502ms)
✔ legacy Webpushr bell remains suppressed without loading its SDK (0.286705ms)
(node:304) [MODULE_TYPELESS_PACKAGE_JSON] Warning: Module type of file:///workspaces/ipm-event/.worktrees/public-ux-pwa-audit/frontend/src/utils/installEnvironment.ts is not specified and it doesn't parse as CommonJS.
Reparsing as ES module because module syntax was detected. This incurs a performance overhead.
To eliminate this warning, add "type": "module" to /workspaces/ipm-event/.worktrees/public-ux-pwa-audit/frontend/package.json.
(Use `node --trace-warnings ...` to show where the warning was created)
✔ A first Android: opening and closing options never enrolls or prompts (1570.22255ms)
✔ D Android enabled: opening and closing options never enrolls or prompts (387.116394ms)
✔ E Android denied: opening and closing options never enrolls or prompts (406.418608ms)
✔ F first iPhone: opening and closing options never enrolls or prompts (405.198131ms)
✔ H installed iPhone: opening and closing options never enrolls or prompts (403.437718ms)
✔ J iPhone denied: opening and closing options never enrolls or prompts (284.534495ms)
✔ K desktop: opening and closing options never enrolls or prompts (269.22069ms)
✔ L unsupported: opening and closing options never enrolls or prompts (210.860714ms)
✔ N returning enabled: opening and closing options never enrolls or prompts (368.323113ms)
✔ O returning denied: opening and closing options never enrolls or prompts (298.64763ms)
✔ explicit opt-in enrolls once and shows success; reopening is read-only (224.504374ms)
✔ P offline launch and Q reconnect keep controls safe and refresh once (313.21431ms)
✔ bounded status failure gives an explicit read retry, never a permission loop (177.77925ms)
✔ B native install is captured without opening help, then used only on click (565.669657ms)
✔ M dismissal never reopens install help: Android Chrome/130.0 (186.117814ms)
✔ M dismissal never reopens install help: iPhone Safari/604.1 (166.839477ms)
✔ M dismissal never reopens install help: Windows Chrome/130.0 (147.116808ms)
✔ C installed Android and iPhone offer status instead of another install action (385.490509ms)
✔ G/i iPhone notification help is capability-specific and preserves browser use (0.431394ms)
✔ Home presentation: installed Android enabled (239.460701ms)
✔ Home presentation: installed Android not enabled (205.794666ms)
✔ Home presentation: Android browser first visit (230.107515ms)
✔ Home presentation: iPhone Safari (324.059571ms)
✔ Home presentation: installed iPhone (165.020873ms)
✔ Home presentation: enabled (201.800156ms)
✔ Home presentation: denied (219.663835ms)
✔ Home presentation: unsupported (175.009485ms)
✔ Home presentation: unavailable (266.901353ms)
✔ Home presentation: offline (236.476828ms)
✔ Home presentation: desktop (234.150166ms)
✔ Home dismissal survives remount without changing itinerary storage or enrolling (261.503556ms)
✔ Home explicit enable still invokes existing enrollment once then hides promotion (154.913291ms)
✔ attendee success is independent of background VERIFIED (472.097903ms)
✔ attendee success is independent of background MISMATCH (331.227851ms)
✔ attendee success is independent of background KEY_MISMATCH (349.717346ms)
✔ attendee success is independent of background CHECK_DUE (206.038358ms)
✔ successful enrollment stays successful for every background health state (109.976332ms)
✔ returning subscribers have status without an open enrollment prompt (28.792255ms)
✔ manifest declares distinct, correctly sized any and maskable install icons (97.563009ms)
✔ every approved Schedule category maps to the exact centralized colours (4.216264ms)
✔ unknown and missing categories use the exact neutral fallback (2.628683ms)
✔ CKNX detail badge uses the authorized WCAG AA white foreground (0.68091ms)
✔ all approved text/background combinations retain WCAG AA contrast (1.618709ms)
✔ Schedule cards, filters, mobile sheet, and detail modal use category styles (0.545708ms)
✔ category names and non-colour selected-state cues remain visible (0.468934ms)
✔ mobile selected-category label keeps the existing category colour treatment (1.64608ms)
✔ Schedule category controls do not render decorative colour dots or a colour legend (0.365652ms)
✔ production event fields and ordering remain read-only (0.388495ms)
✔ backport does not introduce staging notification or reminder functionality (0.704965ms)
✔ permanent MNP slug resolves to the authoritative production category (23.23025ms)
✔ unknown and ambiguous query values fail closed without selecting a category (0.406328ms)
✔ the same mechanism supports stable slugs for other schedule categories (0.400026ms)
✔ Schedule composes category with source and applies it through existing filter state (0.507256ms)
✔ desktop category rendering has labels and tints without decorative category icons (10.745363ms)
✔ narrow-mobile category rendering keeps labels, tints, and checkmark without decorative category icons (1.413826ms)
✔ no Schedule category tag glyph or colour legend remains in any responsive path (3.175774ms)
✔ event cards and detail category styling retain category colour treatments and labels (0.450891ms)
(node:362) [MODULE_TYPELESS_PACKAGE_JSON] Warning: Module type of file:///workspaces/ipm-event/.worktrees/public-ux-pwa-audit/frontend/src/utils/scheduleDate.ts is not specified and it doesn't parse as CommonJS.
Reparsing as ES module because module syntax was detected. This incurs a performance overhead.
To eliminate this warning, add "type": "module" to /workspaces/ipm-event/.worktrees/public-ux-pwa-audit/frontend/package.json.
(Use `node --trace-warnings ...` to show where the warning was created)
✔ IPM date-only schedule values stay on their Ontario calendar dates (107.420986ms)
✔ invalid date-only values fail safely and non-date timestamps retain normal behavior (0.562159ms)
✔ authoritative Schedule uses the final Beyond Wireless stage name (2.18196ms)
✔ attendee schedule derives real category filters and combines them with day, search, and Starred (0.376242ms)
✔ desktop retains category pills while mobile uses the compact category selector (8.982083ms)
✔ mobile category button shows the selected official name and restores Categories when cleared (0.394796ms)
✔ mobile category button truncates long names while accessibility retains the full name (0.44528ms)
✔ mobile category selector exposes every full category option and supports clear and dismissal (6.418071ms)
✔ mobile keeps day controls and category composes with day, search, and Starred (0.307643ms)
✔ blank schedule descriptions remain optional in cards, details, and itinerary (9.900297ms)
✔ start-time-only events render without a trailing separator (1.805047ms)
✔ mobile category selector derives options and therefore includes Parade Week (5.550553ms)
✔ attendee schedule and itinerary use Ontario-safe date-only formatting (0.297976ms)
(node:380) [MODULE_TYPELESS_PACKAGE_JSON] Warning: Module type of file:///workspaces/ipm-event/.worktrees/public-ux-pwa-audit/frontend/src/utils/shareIpm.ts is not specified and it doesn't parse as CommonJS.
Reparsing as ES module because module syntax was detected. This incurs a performance overhead.
To eliminate this warning, add "type": "module" to /workspaces/ipm-event/.worktrees/public-ux-pwa-audit/frontend/package.json.
(Use `node --trace-warnings ...` to show where the warning was created)
✔ native share receives only the fixed public payload and does not copy (15.157362ms)
✔ native cancellation is normal and never copies (0.542251ms)
✔ unavailable native share falls back to canonical clipboard URL (0.32158ms)
✔ failure native share falls back to canonical clipboard URL (0.596193ms)
✔ unavailable or failed clipboard returns explicit manual fallback (0.327601ms)
✔ unavailable or failed clipboard returns explicit manual fallback (0.325166ms)
✔ unavailable or failed clipboard returns explicit manual fallback (0.453326ms)
✔ sharing has no network, storage, permission, installation or private-data dependencies (16.128153ms)
(node:387) [MODULE_TYPELESS_PACKAGE_JSON] Warning: Module type of file:///workspaces/ipm-event/.worktrees/public-ux-pwa-audit/frontend/src/services/subscriptionReconciliationCore.ts is not specified and it doesn't parse as CommonJS.
Reparsing as ES module because module syntax was detected. This incurs a performance overhead.
To eliminate this warning, add "type": "module" to /workspaces/ipm-event/.worktrees/public-ux-pwa-audit/frontend/package.json.
(Use `node --trace-warnings ...` to show where the warning was created)
✔ launch, reconnect storms and foreground coalesce; in-flight Web Lock is shared (1565.496115ms)
✔ nonpilot and unavailable membership never read subscription or contact reconciliation (167.721699ms)
(node:394) [MODULE_TYPELESS_PACKAGE_JSON] Warning: Module type of file:///workspaces/ipm-event/.worktrees/public-ux-pwa-audit/frontend/src/services/subscriptionReconciliationCore.ts is not specified and it doesn't parse as CommonJS.
Reparsing as ES module because module syntax was detected. This incurs a performance overhead.
To eliminate this warning, add "type": "module" to /workspaces/ipm-event/.worktrees/public-ux-pwa-audit/frontend/package.json.
(Use `node --trace-warnings ...` to show where the warning was created)
✔ exact mismatch recovery protocol confirms only after browser reread; subscription preserved (9.107257ms)
✔ SDK settling happens before comparison; healthy result has no mutation phase (12.193383ms)
✔ rotation before-check (13.931877ms)
✔ rotation during-check (0.459347ms)
✔ rotation during-confirm (4.779975ms)
✔ offline never requests repair (0.433048ms)
✔ permission never requests repair (0.294279ms)
✔ capability never requests repair (0.218297ms)
✔ missing-subscription never requests repair (0.507216ms)
✔ identity never requests repair (3.353134ms)
✔ optout never requests repair (0.613535ms)
✔ response and exception canaries sanitized (0.894087ms)
✔ permission lost after request cannot be VERIFIED (0.350624ms)
✔ coordination uses Web Locks, bounded retries and strict production gate (2.561147ms)
✔ pilot recovery bypasses legacy enrollment; nonpilot baseline stays separate (0.388665ms)
✔ keeps the rollback bell guard while active ownership switches providers (13.420272ms)
✔ removes the Webpushr bell from layout and hit testing only (8.463376ms)
✔ keeps all four bottom-navigation touch targets unobstructed (6.613886ms)
✔ does not promote staging-only attendee features (8.444822ms)
✔ production frontend reads WonderPush configuration from deployment environment (17.745689ms)
✔ normal announcement delivery has TTL and idempotency but no campaignId (0.387683ms)
✔ production announcement links are same-origin and never staging (0.374919ms)
✔ exact-device tests cannot degrade to broadcast and remain Owner-only in UI (0.533084ms)
✔ ordinary registration preserves register-before-status lifecycle (5.688611ms)
✔ T-30 delivery and scheduling are hard-disabled by the cutover (0.347418ms)
(node:419) [MODULE_TYPELESS_PACKAGE_JSON] Warning: Module type of file:///workspaces/ipm-event/.worktrees/public-ux-pwa-audit/frontend/src/services/wonderPushRuntimeDiagnosticCore.ts is not specified and it doesn't parse as CommonJS.
Reparsing as ES module because module syntax was detected. This incurs a performance overhead.
To eliminate this warning, add "type": "module" to /workspaces/ipm-event/.worktrees/public-ux-pwa-audit/frontend/package.json.
(Use `node --trace-warnings ...` to show where the warning was created)
✔ maps every known WonderPush session state and safely handles unknown values (5.899124ms)
✔ diagnostic refresh performs only read operations (0.734079ms)
✔ production About does not render temporary WonderPush engineering state (0.495945ms)
✔ transition history is in-memory, bounded, and observer-only (13.15124ms)
✔ Home setup behavior is unchanged apart from publishing safe workflow state (0.44507ms)
✔ Worship Service route is registered and hidden from bottom tabs (9.43611ms)
✔ the combined production image is the sole Worship Service artwork (0.601121ms)
✔ the image itself determines mobile artwork height without blank layout space (5.175583ms)
✔ narrow Android viewports fit the complete artwork without horizontal overflow (0.462632ms)
✔ original PDF action uses the exact tracked external destination (0.302574ms)
✔ page provides accessible artwork labels and safe Back navigation (0.286886ms)
✔ candidate introduces no notification or reminder integration (10.707802ms)
ℹ tests 263
ℹ suites 0
ℹ pass 263
ℹ fail 0
ℹ cancelled 0
ℹ skipped 0
ℹ todo 0
ℹ duration_ms 45017.138431
