(node:86) [MODULE_TYPELESS_PACKAGE_JSON] Warning: Module type of file:///workspaces/ipm-event/.worktrees/launch-update-staging/frontend/src/services/notificationDeepLinkCore.ts is not specified and it doesn't parse as CommonJS.
Reparsing as ES module because module syntax was detected. This incurs a performance overhead.
To eliminate this warning, add "type": "module" to /workspaces/ipm-event/.worktrees/launch-update-staging/frontend/package.json.
(Use `node --trace-warnings ...` to show where the warning was created)
✔ production WonderPush clicks retain the announcement detail destination (1.645892ms)
✔ staging, external, malformed, and non-announcement destinations are rejected (0.368899ms)
✔ registration stages are explicit and safely bounded (2.170712ms)
✔ registration order preserves lookup and capability-scoped migration rebind (0.422128ms)
✔ clean installation returns before migration recovery (0.250588ms)
✔ initializing SDK waits for installation restoration before recovery subscription (0.381392ms)
✔ restored installation proceeds through one normal setup attempt without a registration loop (0.520923ms)
✔ missing legacy installation performs bounded provider recovery before targeted replacement (0.454859ms)
✔ registration already in progress is observed without another provider mutation (0.350685ms)
✔ stuck provider registration reports only bounded boolean lifecycle state (0.376623ms)
✔ legacy replacement is narrow, permission-safe, idempotent, and bounded (0.683065ms)
✔ completed legacy replacement reports only safe browser and provider lifecycle state (3.453508ms)
✔ completed replacement resynchronizes through documented WonderPush lifecycle (0.403162ms)
✔ invalid credentials and takeover responses do not retry (1.523744ms)
✔ Home distinguishes subscribed, pending, ready and failed setup (0.210032ms)
✔ session initialization remains pending and automatically resumes setup (0.353399ms)
✔ pending startup remains visible until provider readiness while genuine failures retain recovery UI (2.274966ms)
✔ provider-ready subscribers see success without another enrollment request (0.226713ms)
✔ safe UI and diagnostics do not render sensitive device material (1.926165ms)
✔ T-30 remains hard disabled (0.223346ms)
✔ one root worker assigns push and notificationclick to WonderPush (1.610957ms)
✔ IPM retains versioned shell and bounded network-first navigation ownership (0.38603ms)
✔ legacy Webpushr bell remains suppressed without loading its SDK (0.276356ms)
✔ staging root uses the production launch flow without foreground update activation (13.795389ms)
✔ first navigation gets B then C; each startup asset is cached before HTML changes (127.169237ms)
✔ offline, server errors, non-app HTML and missing JS retain known-good HTML (27.250534ms)
✔ hung network is bounded; late completion cannot replace fallback HTML (55.735082ms)
✔ failed startup asset never commits B, including a body read failure (17.996502ms)
✔ cached startup assets from newer HTML are served by the incumbent worker (18.209541ms)
✔ no reload/activation messages and no interception of APIs, POST or external requests (4.792866ms)
✔ upgrade installation inherits usable B without any network, then activation retains B (155.641585ms)
✔ incomplete failed-install caches cannot replace the last-known-good shell (11.539069ms)
✔ failed first install rejects instead of activating an empty offline shell (4.486985ms)
✔ new worker installation and activation preserve a concurrent navigation commit (1.859582ms)
✔ production frontend reads WonderPush configuration from deployment environment (3.821353ms)
✔ normal announcement delivery has TTL and idempotency but no campaignId (0.341758ms)
✔ production announcement links are same-origin and never staging (0.390779ms)
✔ exact-device tests cannot degrade to broadcast and remain Owner-only in UI (0.290502ms)
✔ ordinary registration preserves register-before-status lifecycle (0.361215ms)
✔ T-30 delivery and scheduling are hard-disabled by the cutover (0.370582ms)
ℹ tests 40
ℹ suites 0
ℹ pass 40
ℹ fail 0
ℹ cancelled 0
ℹ skipped 0
ℹ todo 0
ℹ duration_ms 1412.138684
