✔ 1A has three parents and 38 lots (2.313445ms)
✔ 1A-01 is on the west edge of 1A 1-12 (0.202097ms)
✔ 1A-12 ends at the east edge of 1A 1-12 (0.27845ms)
✔ 1A-09 is the ninth equal slice and matches ACE PDF geometry (0.344803ms)
✔ 1A 25-38 is 14 lots that fill the parent and are not copied from 1A 1-12 (0.302645ms)
✔ 1A adapter still exports 1A helpers from PDF geometry (0.358689ms)
✔ TentedCityMap highlights vendor footprints from PDF geometry (0.371132ms)
✔ map screen keeps Grounds MapComponent and passes verify1A (0.243274ms)
✔ stages without PDF lots can still use the pin path (0.352066ms)
✔ clampScale keeps 1..4.5 (1.168821ms)
✔ zoomAroundFocal keeps the map point under the focal in the viewport (0.35366ms)
✔ zoomAroundFocal clamps scale and still keeps the focal (0.19318ms)
✔ clampTranslation at fit keeps translation ~0 (0.336528ms)
✔ clampTranslation keeps a mild portion of the map on screen (0.250307ms)
✔ translationBounds does not letterbox-lock at mild zoom (0.411117ms)
✔ rubberBand eases past the edge then clamp snaps back (0.21985ms)
✔ decayStep reduces velocity (0.165278ms)
✔ flyToRect frames a booth above the reserved bottom and stays in bounds (0.485245ms)
✔ pinch with moving focal keeps the original map point and follows the centroid (0.500984ms)
✔ fit-scale pan bounds stay locked at 0 (0.845988ms)
✔ TentedCityMap uses the camera helpers, viewport gestures, and inertia (0.547381ms)
✔ affine mapping is page percent, not a crop offset (1.342915ms)
✔ 1A-09 PDF percents sit on the official PNG (not the old eyeballed grid) (0.261207ms)
✔ 5A 5-12 is 8 lots starting at 5 and 5A-01 does not exist (1.128806ms)
✔ 6B 26-29 is flagged and not a confident individual-lot source (0.341817ms)
✔ ACE / JCB at 1A-09 is confident_lot with PDF rect (0.366133ms)
✔ matcher totals cover every vendor (0.245689ms)
✔ normalize 1A-09 variants in the matcher (0.329956ms)
✔ TentedCityMap uses footprintForVendor and does not draw all lots (0.413321ms)
✔ 3B-07-12 vendors map to the named Bruce Power tent, not invented lots (0.32157ms)
✔ 1A 13-24 is separated from 1A 1-12 by the avenue gap (0.31126ms)
✔ lotsConnected rejects a street gap / different parent (0.534116ms)
✔ Agilec clusters into two tight range rects, not the road union (0.827684ms)
✔ ACE / JCB stays a single 1A-09 stall (0.271597ms)
✔ every bundled exhibitor with mapped lots paints one rect per cluster (7.440909ms)
✔ TentedCityMap paints each cluster rect, not the union, with a tight halo (0.524739ms)
✔ Hanover / RAM / Wroxeter / Bell leftovers stay unmatched or 5A-missing (0.351636ms)
✔ safe individual booth layer derives exact counts and stays inside parents (2.774496ms)
✔ individual semantic IDs normalize safe booth lookup variants (0.227885ms)
✔ vendor selection resolves individual booth through the manifest parent mapper (0.33759ms)
✔ medium-confidence special ranges remain parent-only (0.199161ms)
✔ Tented City has valid initial dimensions without onLayout (1.598983ms)
✔ first open does not depend on user interaction to paint (0.259303ms)
✔ zero window still paints a positive layer (0.233375ms)
✔ exact Vendor name resolves correctly (3.129043ms)
✔ confirmed alias resolves correctly (0.32159ms)
✔ unknown Vendor does not guess (12.775088ms)
✔ ACE resolves to ACE / JCB at 1A-09 (0.451022ms)
✔ ACE does not match Wallaceburg (0.142736ms)
✔ Find on Map uses the canonical mapped exhibitor after alias resolution (0.338511ms)
✔ booth pin/selection data remains intact for mapped exhibitors (2.464858ms)
✔ map screen preserves GroundsMap and the mounted TentedCityMap (0.421896ms)
✔ short queries use word boundaries so ACE does not match Wallaceburg (1.608009ms)
✔ booth numbers match (0.167513ms)
✔ vendor names match beyond three letters (0.145121ms)
✔ ACE / JCB still resolves to 1A-09 (11.216862ms)
✔ live-list alias finds the bundled exhibitor (5.305556ms)
✔ city-stripped live name finds the exhibitor (4.230511ms)
✔ Gay Lea live-list name finds the exhibitor once (3.593353ms)
✔ default search limit can return more than 8 hits (8.020701ms)
✔ wrap-split live names stay unmapped unless uniquely proven (3.693429ms)
✔ source files restore Find on Map, live-name search, and scrollable results (4.347129ms)
✔ Armtec live name maps to Farming for the Future tent 1B-16-22 (5.317328ms)
✔ manifest and supplied SVG expose all unique semantic regions (26.340635ms)
✔ exact semantic lookup resolves known regions and safely rejects unknown labels (1.003792ms)
✔ map wires semantic areas, selection, focus, and official SVG source (0.297465ms)
ℹ tests 66
ℹ suites 0
ℹ pass 66
ℹ fail 0
ℹ cancelled 0
ℹ skipped 0
ℹ todo 0
ℹ duration_ms 605.070692
