✔ About shows a compact build-time value at the absolute bottom (1.122133ms)
✔ production and staging labels are distinct and embedded with the bundle (0.200834ms)
✔ automatic build value is short, monotonic by build minute, and contains no credential (0.290441ms)
✔ Organizer Portal treats schedule end time as optional (0.939081ms)
✔ Organizer schedule lists retain normal start-to-end rendering when both values exist (0.165509ms)
(node:108) [MODULE_TYPELESS_PACKAGE_JSON] Warning: Module type of file:///workspaces/ipm-event/.worktrees/home-space-production/frontend/src/analytics/analyticsCore.ts is not specified and it doesn't parse as CommonJS.
Reparsing as ES module because module syntax was detected. This incurs a performance overhead.
To eliminate this warning, add "type": "module" to /workspaces/ipm-event/.worktrees/home-space-production/frontend/package.json.
(Use `node --trace-warnings ...` to show where the warning was created)
✔ visitor ID is generated once and persists (2.628746ms)
✔ production attendee root initializes and attempts session start (3.091276ms)
✔ ordinary analytics delivery avoids keepalive while direct session end retains unload delivery (2.024286ms)
✔ durable queue retries never use keepalive (2.790405ms)
✔ bound analytics fetch preserves the global receiver for direct sends and queued flushes (2.864804ms)
✔ a fresh app runtime attempts session start when local session storage resumes a session (2.148508ms)
✔ excluded and unconfigured routes do not initialize analytics (0.276956ms)
✔ storage unavailable falls back to memory and still supports a session start (2.99683ms)
✔ storage that throws during a write switches once to a stable memory fallback (0.453135ms)
✔ resilient storage preserves persistent visitor and 30-minute session behavior when available (0.512356ms)
✔ production diagnostics are bounded and contain only technical codes (0.763013ms)
✔ session is reused within 30 minutes and rolls over after inactivity (0.310539ms)
✔ client event UUIDs are unique (4.266385ms)
✔ event batching preserves order and bounds each batch (0.479013ms)
✔ failed requests are buffered and retry uses the identical idempotency body (0.458916ms)
✔ transport diagnostics distinguish serialization, fetch invocation, rejection, and HTTP response stages (1.071379ms)
✔ queued retry diagnostics distinguish fetch rejection from a readable retryable response (0.814099ms)
✔ successful transport diagnostics identify only the allowlisted operation and delivery path (0.823255ms)
✔ buffer drops oldest requests when its bounded capacity is exceeded (7.695798ms)
✔ analytics endpoint failure resolves without throwing so attendee actions continue (1.733543ms)
✔ permanently rejected payloads are not retried forever (0.167782ms)
✔ long offline activity retires the expired session, discards its events, and starts a fresh session (0.723539ms)
✔ concurrent invalid-session signals use one recovery and cannot loop (0.145461ms)
✔ short offline periods replay the existing session without recovery (0.238735ms)
✔ an explicitly ended session is retired and attendee work remains non-blocking (0.293317ms)
✔ unrelated 422 validation failures do not rotate a valid session (0.257149ms)
✔ page focus deduplicates rerenders but counts a later refocus (0.118431ms)
✔ admin, preview, and development-only routes are excluded (0.110717ms)
✔ search analytics contains derived counts and never raw text (0.136986ms)
✔ outbound analytics contains controlled identifiers and no URL (0.206916ms)
(node:115) [MODULE_TYPELESS_PACKAGE_JSON] Warning: Module type of file:///workspaces/ipm-event/.worktrees/home-space-production/frontend/src/services/adminAuthService.ts is not specified and it doesn't parse as CommonJS.
Reparsing as ES module because module syntax was detected. This incurs a performance overhead.
To eliminate this warning, add "type": "module" to /workspaces/ipm-event/.worktrees/home-space-production/frontend/package.json.
(Use `node --trace-warnings ...` to show where the warning was created)
✔ Analytics is enabled inside authenticated organizer navigation, not a public route (1.711923ms)
✔ reporting service sends authenticated range requests to all actual IPM endpoints (1.609211ms)
✔ expired organizer sessions remain detectable by the portal (0.82035ms)
✔ range switching, loading, retry, error and empty states are implemented (0.3ms)
✔ collection start is server-owned and All Time is explained without a misleading preview date (0.442665ms)
✔ only live activity polls every 30 seconds while aggregate loads are range-driven (0.309808ms)
✔ overview, traffic, and every requested engagement section render (0.348701ms)
✔ privacy-sensitive identifiers and unsupported claims are absent from dashboard presentation (0.381591ms)
✔ responsive-safe layouts use wrapping, compact stacking, collapsible sections and horizontal tables (0.515812ms)
✔ announcement detail consumes the real top safe-area inset (1.508443ms)
✔ header stays readable and its Back control has an accessible touch target (0.271026ms)
✔ announcement detail has an accessible safe-area dismiss control (0.399235ms)
✔ known in-app entries use history and direct entries fall back to Announcements (0.203619ms)
✔ announcement notification deep-link destination remains the detail route (0.19856ms)
✔ safe-area layout remains platform-responsive without device-specific offsets (0.25712ms)
✔ dismissal is local, persistent, and keyed only by stable announcement ID (1.031043ms)
✔ dismissal filters attendee list and Home independently for each ID (0.324966ms)
✔ dismiss action makes no backend request and organizer views are unchanged (0.290192ms)
✔ each list card has a separate accessible 44px dismissal control (0.307423ms)
✔ read state is per-device, persistent, and keyed by stable announcement ID (1.89234ms)
✔ unread derives from the current visible, non-dismissed announcement IDs (0.297304ms)
✔ opening an individual detail through any route still marks only that announcement read (0.247742ms)
✔ Quick Action badge is capped at 9+ without layout shift and exposes an accessible count (0.405366ms)
✔ read and dismissed state remain separate persisted sets (0.242162ms)
✔ Camping Quick Action navigates internally without opening its external destination (1.719076ms)
✔ all supplied camping sections and emergency details render (0.275945ms)
✔ office and pump-out dates, hours, and payment notice are exact (0.395638ms)
✔ water, garbage, empties, trailer service, and quiet time details are present (0.247782ms)
✔ existing camping URL remains centralized and accessible from the page (0.406027ms)
✔ Back handles stack navigation and direct deep links (0.213028ms)
✔ unrelated Quick Actions retain their existing handlers (0.313224ms)
✔ Emergency uses body-only POST to IPM with no storage, telemetry or provider secret (3.401184ms)
✔ Emergency remains user initiated and independent of maps/notifications (0.377293ms)
✔ backend has bounded body/rate control and no logging/persistence sinks (1.449975ms)
✔ the exact staging Emergency card is first, preserving every existing Home byte (12.631651ms)
✔ Emergency JSX, copy, layout and location flow exactly match staging while retaining private POST (29.844667ms)
✔ shared responsive styling, Share, map, notification and itinerary source remain production bytes (61.66299ms)
✔ Home renders Action Buttons before Link Buttons (3.57596ms)
✔ all production Home buttons remain present exactly once (2.582367ms)
✔ SOS is absent from the production Home entry point (0.408742ms)
✔ Quick Actions reflow naturally without width-specific gaps (0.480166ms)
✔ internal controls are isolated under Action Buttons (0.290702ms)
✔ external controls are isolated under Link Buttons without URL changes (2.628934ms)
✔ Camping uses a tent icon and retains its internal route (0.276696ms)
✔ Worship Service appears once under Links and routes internally (0.280173ms)
✔ Camping is an internal Quick Action and its external URL is retained by the Camping page (0.308806ms)
✔ unrelated Home content remains present (0.428288ms)
✔ Links feature the 2026 Show Guide PDF card (0.240108ms)
(node:206) [MODULE_TYPELESS_PACKAGE_JSON] Warning: Module type of file:///workspaces/ipm-event/.worktrees/home-space-production/frontend/src/utils/installEnvironment.ts is not specified and it doesn't parse as CommonJS.
Reparsing as ES module because module syntax was detected. This incurs a performance overhead.
To eliminate this warning, add "type": "module" to /workspaces/ipm-event/.worktrees/home-space-production/frontend/package.json.
(Use `node --trace-warnings ...` to show where the warning was created)
✔ iPhone Safari receives visual Share and Add to Home Screen instructions (6.207675ms)
✔ iPhone Chrome explains the Safari handoff and installation steps (0.850116ms)
✔ iPhone Firefox explains the Safari handoff (2.497478ms)
✔ iPhone Edge explains the Safari handoff (0.295141ms)
✔ unknown iPhone browser uses the same Safari handoff (0.973656ms)
✔ Android Chrome with native prompt selects the easiest native action (0.287516ms)
✔ Android Chrome without prompt receives current Chrome-specific fallback (1.895555ms)
✔ Samsung Internet is distinct and only broad family is used (0.276105ms)
✔ other Android browser receives safe generic fallback (1.168359ms)
✔ desktop install-capable Chrome receives native action and explicit heading (1.377109ms)
✔ desktop Chrome fallback uses current Cast save and share wording (1.744684ms)
✔ desktop Edge gets Edge-specific Apps instructions (0.213077ms)
✔ standalone mode bypasses guidance (0.258071ms)
✔ unknown environment remains optional and non-blocking (0.242813ms)
✔ decline is respected during cooldown and eligible later (0.234718ms)
✔ component preserves deferred native prompt and invokes it from the install action (1.762467ms)
✔ component preserves standalone bypass, appinstalled handling, and dismissal storage (0.206304ms)
✔ component keeps an accessible optional continuation and labelled instructional cues (0.360242ms)
✔ R deep-linked first visits retain the route without a global installation overlay (0.827403ms)
(node:224) [MODULE_TYPELESS_PACKAGE_JSON] Warning: Module type of file:///workspaces/ipm-event/.worktrees/home-space-production/frontend/src/services/itinerarySuggestionPolicy.ts is not specified and it doesn't parse as CommonJS.
Reparsing as ES module because module syntax was detected. This incurs a performance overhead.
To eliminate this warning, add "type": "module" to /workspaces/ipm-event/.worktrees/home-space-production/frontend/package.json.
(Use `node --trace-warnings ...` to show where the warning was created)
✔ first addition is quiet; second offers once per session (2.121547ms)
✔ dismissal persists seven-day cooldown and two-show lifetime limit (0.887736ms)
✔ ineligible notification states suppress suggestions (1.209025ms)
✔ concurrent additions show at most once (1.414558ms)
✔ storage failure, invalid history and backwards clock fail quietly (0.574592ms)
✔ favorite save is independent; enrollment UI only mounts after explicit action (1.514575ms)
✔ native Map renders no separate coloured-dot legend (5.616777ms)
✔ native Map preserves artwork and zoom without a location-marker overlay (0.322291ms)
✔ web Map renders no separate coloured-dot legend (0.19828ms)
✔ web Map preserves artwork and zoom without a location-marker overlay (0.202959ms)
✔ all 12 configured location records remain preserved (0.412119ms)
✔ admin explains notification health without promising receipt (4.71786ms)
✔ announcement stats are exact-ledger aggregates with honest historical fallback (0.456892ms)
✔ analytics contracts expose no installation IDs, tokens, hashes, or provider references (0.350003ms)
✔ notification analytics remains additive when production backend is older (0.263502ms)
(node:253) [MODULE_TYPELESS_PACKAGE_JSON] Warning: Module type of file:///workspaces/ipm-event/.worktrees/home-space-production/frontend/src/services/notificationDeepLinkCore.ts is not specified and it doesn't parse as CommonJS.
Reparsing as ES module because module syntax was detected. This incurs a performance overhead.
To eliminate this warning, add "type": "module" to /workspaces/ipm-event/.worktrees/home-space-production/frontend/package.json.
(Use `node --trace-warnings ...` to show where the warning was created)
✔ production WonderPush clicks retain the announcement detail destination (4.552211ms)
✔ staging, external, malformed, and non-announcement destinations are rejected (0.392732ms)
(node:260) [MODULE_TYPELESS_PACKAGE_JSON] Warning: Module type of file:///workspaces/ipm-event/.worktrees/home-space-production/frontend/src/utils/notificationPromptEligibility.ts is not specified and it doesn't parse as CommonJS.
Reparsing as ES module because module syntax was detected. This incurs a performance overhead.
To eliminate this warning, add "type": "module" to /workspaces/ipm-event/.worktrees/home-space-production/frontend/package.json.
(Use `node --trace-warnings ...` to show where the warning was created)
✔ optional notification prompt uses a four-hour cooldown (25.067908ms)
✔ America/Toronto calendar day limits prompts to two and resets next day (1.893191ms)
✔ notification help never uses the retired recurring prompt policy (0.528375ms)
✔ notification success stays visible and controls remain discoverable (0.259454ms)
✔ registration stages are explicit and safely bounded (2.488812ms)
✔ registration order preserves lookup and capability-scoped migration rebind (0.384518ms)
✔ clean installation returns before migration recovery (0.282927ms)
✔ missing legacy installation performs bounded provider recovery before targeted replacement (0.486507ms)
✔ registration already in progress is observed without another provider mutation (0.815952ms)
✔ stuck provider registration reports only bounded boolean lifecycle state (0.373917ms)
✔ legacy replacement is narrow, permission-safe, idempotent, and bounded (0.526062ms)
✔ completed legacy replacement reports only safe browser and provider lifecycle state (0.387633ms)
✔ completed replacement resynchronizes through documented WonderPush lifecycle (0.861006ms)
✔ invalid credentials and takeover responses do not retry (0.425845ms)
✔ Home distinguishes subscribed, pending, ready and failed setup (2.242483ms)
✔ session initialization remains pending and automatically resumes setup (0.385439ms)
✔ pending startup hides actions while genuine failures retain recovery UI (0.313986ms)
✔ optional notification controls preserve clear status without auto-opening (0.163976ms)
✔ safe UI and diagnostics do not render sensitive device material (1.899914ms)
✔ T-30 remains hard disabled (0.410375ms)
✔ every existing registration operation publishes pending and completed stages (1.607148ms)
✔ HTTP instrumentation distinguishes headers, parsing, completion, and safe failures (0.310489ms)
✔ stage instrumentation does not add or reorder network requests (0.417759ms)
✔ production About renders no registration workflow engineering metadata (0.474205ms)
✔ one root worker assigns push and notificationclick to WonderPush (1.387879ms)
✔ IPM retains versioned shell and cache-first navigation ownership (0.261397ms)
✔ legacy Webpushr bell remains suppressed without loading its SDK (0.340856ms)
(node:304) [MODULE_TYPELESS_PACKAGE_JSON] Warning: Module type of file:///workspaces/ipm-event/.worktrees/home-space-production/frontend/src/utils/installEnvironment.ts is not specified and it doesn't parse as CommonJS.
Reparsing as ES module because module syntax was detected. This incurs a performance overhead.
To eliminate this warning, add "type": "module" to /workspaces/ipm-event/.worktrees/home-space-production/frontend/package.json.
(Use `node --trace-warnings ...` to show where the warning was created)
✔ A first Android: opening and closing options never enrolls or prompts (408.743364ms)
✔ D Android enabled: opening and closing options never enrolls or prompts (155.202454ms)
✔ E Android denied: opening and closing options never enrolls or prompts (100.635856ms)
✔ F first iPhone: opening and closing options never enrolls or prompts (148.250623ms)
✔ H installed iPhone: opening and closing options never enrolls or prompts (98.244038ms)
✔ J iPhone denied: opening and closing options never enrolls or prompts (124.291784ms)
✔ K desktop: opening and closing options never enrolls or prompts (125.826146ms)
✔ L unsupported: opening and closing options never enrolls or prompts (69.151494ms)
✔ N returning enabled: opening and closing options never enrolls or prompts (127.705745ms)
✔ O returning denied: opening and closing options never enrolls or prompts (64.246315ms)
✔ explicit opt-in enrolls once and shows success; reopening is read-only (83.224444ms)
✔ P offline launch and Q reconnect keep controls safe and refresh once (72.475754ms)
✔ bounded status failure gives an explicit read retry, never a permission loop (46.345171ms)
✔ B native install is captured without opening help, then used only on click (71.342311ms)
✔ M dismissal never reopens install help: Android Chrome/130.0 (99.524397ms)
✔ M dismissal never reopens install help: iPhone Safari/604.1 (87.709232ms)
✔ M dismissal never reopens install help: Windows Chrome/130.0 (62.56749ms)
✔ C installed Android and iPhone offer status instead of another install action (206.760512ms)
✔ G/i iPhone notification help is capability-specific and preserves browser use (0.28411ms)
✔ Home presentation: installed Android enabled (66.541746ms)
✔ Home presentation: installed Android not enabled (105.471329ms)
✔ Home presentation: Android browser first visit (75.568493ms)
✔ Home presentation: iPhone Safari (161.172776ms)
✔ Home presentation: installed iPhone (58.561511ms)
✔ Home presentation: enabled (76.993662ms)
✔ Home presentation: denied (52.817598ms)
✔ Home presentation: unsupported (45.022628ms)
✔ Home presentation: unavailable (61.431215ms)
✔ Home presentation: offline (73.997129ms)
✔ Home presentation: desktop (42.660375ms)
✔ Home dismissal survives remount without changing itinerary storage or enrolling (92.460507ms)
✔ Home explicit enable still invokes existing enrollment once then hides promotion (45.288374ms)
✔ attendee success is independent of background VERIFIED (104.207612ms)
✔ attendee success is independent of background MISMATCH (107.872718ms)
✔ attendee success is independent of background KEY_MISMATCH (60.78941ms)
✔ attendee success is independent of background CHECK_DUE (84.269652ms)
✔ successful enrollment stays successful for every background health state (26.517412ms)
✔ returning subscribers have status without an open enrollment prompt (3.232759ms)
✔ manifest declares distinct, correctly sized any and maskable install icons (18.98188ms)
✔ every approved Schedule category maps to the exact centralized colours (5.388631ms)
✔ unknown and missing categories use the exact neutral fallback (0.318584ms)
✔ CKNX detail badge uses the authorized WCAG AA white foreground (0.587586ms)
✔ all approved text/background combinations retain WCAG AA contrast (0.544135ms)
✔ Schedule cards, filters, mobile sheet, and detail modal use category styles (1.562277ms)
✔ category names and non-colour selected-state cues remain visible (0.40752ms)
✔ mobile selected-category label keeps the existing category colour treatment (0.578525ms)
✔ Schedule category controls do not render decorative colour dots or a colour legend (0.430232ms)
✔ production event fields and ordering remain read-only (0.449879ms)
✔ backport does not introduce staging notification or reminder functionality (0.843543ms)
✔ permanent MNP slug resolves to the authoritative production category (8.458868ms)
✔ unknown and ambiguous query values fail closed without selecting a category (0.351937ms)
✔ the same mechanism supports stable slugs for other schedule categories (0.56276ms)
✔ Schedule composes category with source and applies it through existing filter state (0.472101ms)
✔ desktop category rendering has labels and tints without decorative category icons (4.547582ms)
✔ narrow-mobile category rendering keeps labels, tints, and checkmark without decorative category icons (0.389817ms)
✔ no Schedule category tag glyph or colour legend remains in any responsive path (0.369549ms)
✔ event cards and detail category styling retain category colour treatments and labels (2.139601ms)
(node:362) [MODULE_TYPELESS_PACKAGE_JSON] Warning: Module type of file:///workspaces/ipm-event/.worktrees/home-space-production/frontend/src/utils/scheduleDate.ts is not specified and it doesn't parse as CommonJS.
Reparsing as ES module because module syntax was detected. This incurs a performance overhead.
To eliminate this warning, add "type": "module" to /workspaces/ipm-event/.worktrees/home-space-production/frontend/package.json.
(Use `node --trace-warnings ...` to show where the warning was created)
✔ IPM date-only schedule values stay on their Ontario calendar dates (67.52996ms)
✔ invalid date-only values fail safely and non-date timestamps retain normal behavior (6.339675ms)
✔ authoritative Schedule uses the final Beyond Wireless stage name (7.551205ms)
✔ attendee schedule derives real category filters and combines them with day, search, and Starred (0.362025ms)
✔ desktop retains category pills while mobile uses the compact category selector (0.286454ms)
✔ mobile category button shows the selected official name and restores Categories when cleared (0.236812ms)
✔ mobile category button truncates long names while accessibility retains the full name (0.416847ms)
✔ mobile category selector exposes every full category option and supports clear and dismissal (3.547417ms)
✔ mobile keeps day controls and category composes with day, search, and Starred (0.284121ms)
✔ blank schedule descriptions remain optional in cards, details, and itinerary (4.564083ms)
✔ start-time-only events render without a trailing separator (1.16352ms)
✔ mobile category selector derives options and therefore includes Parade Week (0.585392ms)
✔ attendee schedule and itinerary use Ontario-safe date-only formatting (0.220051ms)
(node:380) [MODULE_TYPELESS_PACKAGE_JSON] Warning: Module type of file:///workspaces/ipm-event/.worktrees/home-space-production/frontend/src/utils/shareIpm.ts is not specified and it doesn't parse as CommonJS.
Reparsing as ES module because module syntax was detected. This incurs a performance overhead.
To eliminate this warning, add "type": "module" to /workspaces/ipm-event/.worktrees/home-space-production/frontend/package.json.
(Use `node --trace-warnings ...` to show where the warning was created)
✔ native share receives only the fixed public payload and does not copy (2.536822ms)
✔ native cancellation is normal and never copies (0.322382ms)
✔ unavailable native share falls back to canonical clipboard URL (0.244195ms)
✔ failure native share falls back to canonical clipboard URL (0.281586ms)
✔ unavailable or failed clipboard returns explicit manual fallback (0.208389ms)
✔ unavailable or failed clipboard returns explicit manual fallback (0.242412ms)
✔ unavailable or failed clipboard returns explicit manual fallback (2.180127ms)
✔ sharing has no network, storage, permission, installation or private-data dependencies (4.575454ms)
(node:387) [MODULE_TYPELESS_PACKAGE_JSON] Warning: Module type of file:///workspaces/ipm-event/.worktrees/home-space-production/frontend/src/services/subscriptionReconciliationCore.ts is not specified and it doesn't parse as CommonJS.
Reparsing as ES module because module syntax was detected. This incurs a performance overhead.
To eliminate this warning, add "type": "module" to /workspaces/ipm-event/.worktrees/home-space-production/frontend/package.json.
(Use `node --trace-warnings ...` to show where the warning was created)
✔ launch, reconnect storms and foreground coalesce; in-flight Web Lock is shared (594.302774ms)
✔ nonpilot and unavailable membership never read subscription or contact reconciliation (61.482824ms)
(node:394) [MODULE_TYPELESS_PACKAGE_JSON] Warning: Module type of file:///workspaces/ipm-event/.worktrees/home-space-production/frontend/src/services/subscriptionReconciliationCore.ts is not specified and it doesn't parse as CommonJS.
Reparsing as ES module because module syntax was detected. This incurs a performance overhead.
To eliminate this warning, add "type": "module" to /workspaces/ipm-event/.worktrees/home-space-production/frontend/package.json.
(Use `node --trace-warnings ...` to show where the warning was created)
✔ exact mismatch recovery protocol confirms only after browser reread; subscription preserved (5.045912ms)
✔ SDK settling happens before comparison; healthy result has no mutation phase (2.919926ms)
✔ rotation before-check (0.907202ms)
✔ rotation during-check (1.255201ms)
✔ rotation during-confirm (0.594609ms)
✔ offline never requests repair (0.28928ms)
✔ permission never requests repair (0.284631ms)
✔ capability never requests repair (0.236771ms)
✔ missing-subscription never requests repair (0.331258ms)
✔ identity never requests repair (0.539446ms)
✔ optout never requests repair (0.792829ms)
✔ response and exception canaries sanitized (1.171295ms)
✔ permission lost after request cannot be VERIFIED (0.411578ms)
✔ coordination uses Web Locks, bounded retries and strict production gate (1.071138ms)
✔ pilot recovery bypasses legacy enrollment; nonpilot baseline stays separate (0.386581ms)
✔ keeps the rollback bell guard while active ownership switches providers (1.530825ms)
✔ removes the Webpushr bell from layout and hit testing only (0.326389ms)
✔ keeps all four bottom-navigation touch targets unobstructed (0.555326ms)
✔ does not promote staging-only attendee features (0.345645ms)
✔ production frontend reads WonderPush configuration from deployment environment (5.671349ms)
✔ normal announcement delivery has TTL and idempotency but no campaignId (0.338101ms)
✔ production announcement links are same-origin and never staging (1.505217ms)
✔ exact-device tests cannot degrade to broadcast and remain Owner-only in UI (0.39649ms)
✔ ordinary registration preserves register-before-status lifecycle (1.063223ms)
✔ T-30 delivery and scheduling are hard-disabled by the cutover (0.301763ms)
(node:419) [MODULE_TYPELESS_PACKAGE_JSON] Warning: Module type of file:///workspaces/ipm-event/.worktrees/home-space-production/frontend/src/services/wonderPushRuntimeDiagnosticCore.ts is not specified and it doesn't parse as CommonJS.
Reparsing as ES module because module syntax was detected. This incurs a performance overhead.
To eliminate this warning, add "type": "module" to /workspaces/ipm-event/.worktrees/home-space-production/frontend/package.json.
(Use `node --trace-warnings ...` to show where the warning was created)
✔ maps every known WonderPush session state and safely handles unknown values (1.564909ms)
✔ diagnostic refresh performs only read operations (0.53606ms)
✔ production About does not render temporary WonderPush engineering state (0.452714ms)
✔ transition history is in-memory, bounded, and observer-only (0.300761ms)
✔ Home setup behavior is unchanged apart from publishing safe workflow state (0.417339ms)
✔ Worship Service route is registered and hidden from bottom tabs (2.228997ms)
✔ the combined production image is the sole Worship Service artwork (0.387282ms)
✔ the image itself determines mobile artwork height without blank layout space (0.413662ms)
✔ narrow Android viewports fit the complete artwork without horizontal overflow (0.295471ms)
✔ original PDF action uses the exact tracked external destination (0.312984ms)
✔ page provides accessible artwork labels and safe Back navigation (0.280173ms)
✔ candidate introduces no notification or reminder integration (2.571617ms)
ℹ tests 263
ℹ suites 0
ℹ pass 263
ℹ fail 0
ℹ cancelled 0
ℹ skipped 0
ℹ todo 0
ℹ duration_ms 13358.072932
