{"name":"320-installed-granted-next","width":320,"height":568,"primaryY":455.390625,"promptHeight":0,"passed":true}
{"name":"320-installed-granted-no-next","width":320,"height":568,"primaryY":455.390625,"promptHeight":0,"passed":true}
{"name":"320-installed-default-next","width":320,"height":568,"primaryY":455.390625,"promptHeight":92,"passed":true}
{"name":"320-installed-default-no-next","width":320,"height":568,"primaryY":455.390625,"promptHeight":92,"passed":true}
{"name":"320-installed-denied-next","width":320,"height":568,"primaryY":455.390625,"promptHeight":0,"passed":true}
{"name":"320-installed-denied-no-next","width":320,"height":568,"primaryY":455.390625,"promptHeight":0,"passed":true}
{"name":"320-browser-granted-next","width":320,"height":568,"primaryY":455.390625,"promptHeight":0,"passed":true}
{"name":"320-browser-granted-no-next","width":320,"height":568,"primaryY":455.390625,"promptHeight":0,"passed":true}
{"name":"320-browser-default-next","width":320,"height":568,"primaryY":455.390625,"promptHeight":92,"passed":true}
{"name":"320-browser-default-no-next","width":320,"height":568,"primaryY":455.390625,"promptHeight":92,"passed":true}
{"name":"320-browser-denied-next","width":320,"height":568,"primaryY":455.390625,"promptHeight":0,"passed":true}
{"name":"320-browser-denied-no-next","width":320,"height":568,"primaryY":455.390625,"promptHeight":0,"passed":true}
{"name":"360-installed-granted-next","width":360,"height":640,"primaryY":492.1875,"promptHeight":0,"passed":true}
{"name":"360-installed-granted-no-next","width":360,"height":640,"primaryY":492.1875,"promptHeight":0,"passed":true}
{"name":"360-installed-default-next","width":360,"height":640,"primaryY":492.1875,"promptHeight":72,"passed":true}
{"name":"360-installed-default-no-next","width":360,"height":640,"primaryY":492.1875,"promptHeight":72,"passed":true}
{"name":"360-installed-denied-next","width":360,"height":640,"primaryY":492.1875,"promptHeight":0,"passed":true}
{"name":"360-installed-denied-no-next","width":360,"height":640,"primaryY":492.1875,"promptHeight":0,"passed":true}
{"name":"360-browser-granted-next","width":360,"height":640,"primaryY":492.1875,"promptHeight":0,"passed":true}
{"name":"360-browser-granted-no-next","width":360,"height":640,"primaryY":492.1875,"promptHeight":0,"passed":true}
{"name":"360-browser-default-next","width":360,"height":640,"primaryY":492.1875,"promptHeight":72,"passed":true}
{"name":"360-browser-default-no-next","width":360,"height":640,"primaryY":492.1875,"promptHeight":72,"passed":true}
{"name":"360-browser-denied-next","width":360,"height":640,"primaryY":492.1875,"promptHeight":0,"passed":true}
{"name":"360-browser-denied-no-next","width":360,"height":640,"primaryY":492.1875,"promptHeight":0,"passed":true}
{"name":"1440-installed-granted-next","width":1440,"height":900,"primaryY":803.234375,"promptHeight":0,"passed":true}
{"name":"1440-installed-granted-no-next","width":1440,"height":900,"primaryY":803.234375,"promptHeight":0,"passed":true}
{"name":"1440-installed-default-next","width":1440,"height":900,"primaryY":803.234375,"promptHeight":72,"passed":true}
{"name":"1440-installed-default-no-next","width":1440,"height":900,"primaryY":803.234375,"promptHeight":72,"passed":true}
{"name":"1440-installed-denied-next","width":1440,"height":900,"primaryY":803.234375,"promptHeight":0,"passed":true}
{"name":"1440-installed-denied-no-next","width":1440,"height":900,"primaryY":803.234375,"promptHeight":0,"passed":true}
{"name":"1440-browser-granted-next","width":1440,"height":900,"primaryY":803.234375,"promptHeight":0,"passed":true}
{"name":"1440-browser-granted-no-next","width":1440,"height":900,"primaryY":803.234375,"promptHeight":0,"passed":true}
{"name":"1440-browser-default-next","width":1440,"height":900,"primaryY":803.234375,"promptHeight":72,"passed":true}
{"name":"1440-browser-default-no-next","width":1440,"height":900,"primaryY":803.234375,"promptHeight":72,"passed":true}
{"name":"1440-browser-denied-next","width":1440,"height":900,"primaryY":803.234375,"promptHeight":0,"passed":true}
{"name":"1440-browser-denied-no-next","width":1440,"height":900,"primaryY":803.234375,"promptHeight":0,"passed":true}
