{"name":"320-installed-granted-next","width":320,"height":568,"primaryY":455.390625,"promptHeight":0,"passed":true}
{"name":"320-installed-granted-no-next","width":320,"height":568,"primaryY":455.390625,"promptHeight":0,"passed":true}
{"name":"320-installed-default-next","width":320,"height":568,"primaryY":455.390625,"promptHeight":92,"passed":true}
{"name":"320-installed-default-no-next","width":320,"height":568,"primaryY":455.390625,"promptHeight":92,"passed":true}
{"name":"320-installed-denied-next","width":320,"height":568,"primaryY":455.390625,"promptHeight":0,"passed":true}
{"name":"320-installed-denied-no-next","width":320,"height":568,"primaryY":455.390625,"promptHeight":0,"passed":true}
{"name":"320-browser-granted-next","width":320,"height":568,"primaryY":455.390625,"promptHeight":0,"passed":true}
{"name":"320-browser-granted-no-next","width":320,"height":568,"primaryY":455.390625,"promptHeight":0,"passed":true}
{"name":"320-browser-default-next","width":320,"height":568,"primaryY":455.390625,"promptHeight":92,"passed":true}
{"name":"320-browser-default-no-next","width":320,"height":568,"primaryY":455.390625,"promptHeight":92,"passed":true}
{"name":"320-browser-denied-next","width":320,"height":568,"primaryY":455.390625,"promptHeight":0,"passed":true}
{"name":"320-browser-denied-no-next","width":320,"height":568,"primaryY":455.390625,"promptHeight":0,"passed":true}
{"name":"360-installed-granted-next","width":360,"height":640,"primaryY":492.1875,"promptHeight":0,"passed":true}
{"name":"360-installed-granted-no-next","width":360,"height":640,"primaryY":492.1875,"promptHeight":0,"passed":true}
node:internal/modules/run_main:107
    triggerUncaughtException(
    ^

AssertionError [ERR_ASSERTION]: Expected values to be strictly deep-equal:
+ actual - expected

+ [
+   'A network error occurred.',
+   'A network error occurred.'
+ ]
- []

    at file:///workspaces/ipm-event/.worktrees/home-space-staging/frontend/tests/home-space.browser.mjs:68:9 {
  generatedMessage: true,
  code: 'ERR_ASSERTION',
  actual: [ 'A network error occurred.', 'A network error occurred.' ],
  expected: [],
  operator: 'deepStrictEqual',
  diff: 'simple'
}

Node.js v24.14.0
