
> frontend@1.0.0 build:web
> node ./scripts/build-web.js

Starting Metro Bundler
Web ../../../frontend/node_modules/expo-router/entry.js ░░░░░░░░░░░░░░░░  0.0% (0/1)
| (node:135) Warning: The 'NO_COLOR' env is ignored due to the 'FORCE_COLOR' env being set.
| (Use `node --trace-warnings ...` to show where the warning was created)
Web ../../../frontend/node_modules/expo-router/entry.js ▓▓▓▓▓░░░░░░░░░░░ 34.0% ( 7/13)
| (node:136) Warning: The 'NO_COLOR' env is ignored due to the 'FORCE_COLOR' env being set.
| (Use `node --trace-warnings ...` to show where the warning was created)
Web ../../../frontend/node_modules/expo-router/entry.js ▓▓▓▓▓▓░░░░░░░░░░ 37.9% ( 33/119)
Web ../../../frontend/node_modules/expo-router/entry.js ▓▓▓▓▓▓░░░░░░░░░░ 37.9% ( 59/149)
Web ../../../frontend/node_modules/expo-router/entry.js ▓▓▓▓▓▓░░░░░░░░░░ 37.9% ( 88/170)
Web ../../../frontend/node_modules/expo-router/entry.js ▓▓▓▓▓▓░░░░░░░░░░ 37.9% (132/215)
Web ../../../frontend/node_modules/expo-router/entry.js ▓▓▓▓▓▓▓▓░░░░░░░░ 50.6% (170/239)
Web ../../../frontend/node_modules/expo-router/entry.js ▓▓▓▓▓▓▓▓░░░░░░░░ 53.8% (205/344)
Web ../../../frontend/node_modules/expo-router/entry.js ▓▓▓▓▓▓▓▓░░░░░░░░ 53.8% (226/366)
Web ../../../frontend/node_modules/expo-router/entry.js ▓▓▓▓▓▓▓▓░░░░░░░░ 53.8% (239/378)
Web ../../../frontend/node_modules/expo-router/entry.js ▓▓▓▓▓▓▓▓░░░░░░░░ 53.8% (243/394)
Web ../../../frontend/node_modules/expo-router/entry.js ▓▓▓▓▓▓▓▓░░░░░░░░ 53.8% (246/398)
Web ../../../frontend/node_modules/expo-router/entry.js ▓▓▓▓▓▓▓▓░░░░░░░░ 53.8% (253/420)
Web ../../../frontend/node_modules/expo-router/entry.js ▓▓▓▓▓▓▓▓░░░░░░░░ 53.8% (259/427)
Web ../../../frontend/node_modules/expo-router/entry.js ▓▓▓▓▓▓▓▓░░░░░░░░ 53.8% (268/433)
Web ../../../frontend/node_modules/expo-router/entry.js ▓▓▓▓▓▓▓▓░░░░░░░░ 53.8% (314/490)
Web ../../../frontend/node_modules/expo-router/entry.js ▓▓▓▓▓▓▓▓░░░░░░░░ 53.8% (364/527)
Web ../../../frontend/node_modules/expo-router/entry.js ▓▓▓▓▓▓▓▓░░░░░░░░ 53.8% (400/564)
Web ../../../frontend/node_modules/expo-router/entry.js ▓▓▓▓▓▓▓▓░░░░░░░░ 53.8% (424/633)
Web ../../../frontend/node_modules/expo-router/entry.js ▓▓▓▓▓▓▓▓░░░░░░░░ 53.8% (439/637)
Web ../../../frontend/node_modules/expo-router/entry.js ▓▓▓▓▓▓▓▓░░░░░░░░ 53.8% (489/686)
Web ../../../frontend/node_modules/expo-router/entry.js ▓▓▓▓▓▓▓▓░░░░░░░░ 55.7% (559/758)
Web ../../../frontend/node_modules/expo-router/entry.js ▓▓▓▓▓▓▓▓▓░░░░░░░ 57.3% (597/789)
Web ../../../frontend/node_modules/expo-router/entry.js ▓▓▓▓▓▓▓▓▓▓░░░░░░ 63.8% (659/825)
Web ../../../frontend/node_modules/expo-router/entry.js ▓▓▓▓▓▓▓▓▓▓▓░░░░░ 69.4% (712/863)
Web ../../../frontend/node_modules/expo-router/entry.js ▓▓▓▓▓▓▓▓▓▓▓▓░░░░ 75.7% (767/895)
Web ../../../frontend/node_modules/expo-router/entry.js ▓▓▓▓▓▓▓▓▓▓▓▓░░░░ 75.7% (804/951)
Web ../../../frontend/node_modules/expo-router/entry.js ▓▓▓▓▓▓▓▓▓▓▓▓░░░░ 78.9% ( 881/1000)
Web ../../../frontend/node_modules/expo-router/entry.js ▓▓▓▓▓▓▓▓▓▓▓▓░░░░ 80.0% ( 915/1023)
Web ../../../frontend/node_modules/expo-router/entry.js ▓▓▓▓▓▓▓▓▓▓▓▓▓░░░ 83.2% ( 983/1078)
Web ../../../frontend/node_modules/expo-router/entry.js ▓▓▓▓▓▓▓▓▓▓▓▓▓░░░ 85.2% (1017/1102)
Web ../../../frontend/node_modules/expo-router/entry.js ▓▓▓▓▓▓▓▓▓▓▓▓▓▓░░ 87.9% (1036/1105)
Web ../../../frontend/node_modules/expo-router/entry.js ▓▓▓▓▓▓▓▓▓▓▓▓▓▓░░ 90.8% (1071/1153)
Web ../../../frontend/node_modules/expo-router/entry.js ▓▓▓▓▓▓▓▓▓▓▓▓▓▓░░ 90.8% (1132/1191)
Web ../../../frontend/node_modules/expo-router/entry.js ▓▓▓▓▓▓▓▓▓▓▓▓▓▓░░ 93.1% (1190/1248)
Web ../../../frontend/node_modules/expo-router/entry.js ▓▓▓▓▓▓▓▓▓▓▓▓▓▓▓░ 95.6% (1288/1320)
Web Bundled 125088ms ../../../frontend/node_modules/expo-router/entry.js (1346 modules)

› Assets (65):
../../../frontend/node_modules/@expo/vector-icons/build/vendor/react-native-vector-icons/Fonts/AntDesign.3f78af31cca60105799838a1a7a59fbd.ttf (130 kB)
../../../frontend/node_modules/@expo/vector-icons/build/vendor/react-native-vector-icons/Fonts/Entypo.31b5ffea3daddc69dd01a1f3d6cf63c5.ttf (66.2 kB)
../../../frontend/node_modules/@expo/vector-icons/build/vendor/react-native-vector-icons/Fonts/EvilIcons.140c53a7643ea949007aa9a282153849.ttf (13.5 kB)
../../../frontend/node_modules/@expo/vector-icons/build/vendor/react-native-vector-icons/Fonts/Feather.ca4b48e04dc1ce10bfbddb262c8b835f.ttf (55.6 kB)
../../../frontend/node_modules/@expo/vector-icons/build/vendor/react-native-vector-icons/Fonts/FontAwesome.b06871f281fee6b241d60582ae9369b9.ttf (166 kB)
../../../frontend/node_modules/@expo/vector-icons/build/vendor/react-native-vector-icons/Fonts/FontAwesome5_Brands.3b89dd103490708d19a95adcae52210e.ttf (134 kB)
../../../frontend/node_modules/@expo/vector-icons/build/vendor/react-native-vector-icons/Fonts/FontAwesome5_Regular.1f77739ca9ff2188b539c36f30ffa2be.ttf (33.7 kB)
../../../frontend/node_modules/@expo/vector-icons/build/vendor/react-native-vector-icons/Fonts/FontAwesome5_Solid.605ed7926cf39a2ad5ec2d1f9d391d3d.ttf (203 kB)
../../../frontend/node_modules/@expo/vector-icons/build/vendor/react-native-vector-icons/Fonts/FontAwesome6_Brands.56c8d80832e37783f12c05db7c8849e2.ttf (209 kB)
../../../frontend/node_modules/@expo/vector-icons/build/vendor/react-native-vector-icons/Fonts/FontAwesome6_Regular.370dd5af19f8364907b6e2c41f45dbbf.ttf (68 kB)
../../../frontend/node_modules/@expo/vector-icons/build/vendor/react-native-vector-icons/Fonts/FontAwesome6_Solid.adec7d6f310bc577f05e8fe06a5daccf.ttf (424 kB)
../../../frontend/node_modules/@expo/vector-icons/build/vendor/react-native-vector-icons/Fonts/Fontisto.b49ae8ab2dbccb02c4d11caaacf09eab.ttf (314 kB)
../../../frontend/node_modules/@expo/vector-icons/build/vendor/react-native-vector-icons/Fonts/Foundation.e20945d7c929279ef7a6f1db184a4470.ttf (57 kB)
../../../frontend/node_modules/@expo/vector-icons/build/vendor/react-native-vector-icons/Fonts/Ionicons.b4eb097d35f44ed943676fd56f6bdc51.ttf (390 kB)
../../../frontend/node_modules/@expo/vector-icons/build/vendor/react-native-vector-icons/Fonts/MaterialCommunityIcons.6e435534bd35da5fef04168860a9b8fa.ttf (1.31 MB)
../../../frontend/node_modules/@expo/vector-icons/build/vendor/react-native-vector-icons/Fonts/MaterialIcons.4e85bc9ebe07e0340c9c4fc2f6c38908.ttf (357 kB)
../../../frontend/node_modules/@expo/vector-icons/build/vendor/react-native-vector-icons/Fonts/Octicons.871378c6eab492a3e689a9385dc45a12.ttf (69.4 kB)
../../../frontend/node_modules/@expo/vector-icons/build/vendor/react-native-vector-icons/Fonts/SimpleLineIcons.d2285965fe34b05465047401b8595dd0.ttf (54.1 kB)
../../../frontend/node_modules/@expo/vector-icons/build/vendor/react-native-vector-icons/Fonts/Zocial.1681f34aaca71b8dfb70756bca331eb2.ttf (25.8 kB)
../../../frontend/node_modules/expo-router/assets/arrow_down.017bc6ba3fc25503e5eb5e53826d48a8.png (9.46 kB)
../../../frontend/node_modules/expo-router/assets/error.d1ea1496f9057eb392d5bbf3732a61b7.png (469 B)
../../../frontend/node_modules/expo-router/assets/file.19eeb73b9593a38f8e9f418337fc7d10.png (138 B)
../../../frontend/node_modules/expo-router/assets/forward.d8b800c443b8972542883e0b9de2bdc6.png (188 B)
../../../frontend/node_modules/expo-router/assets/pkg.ab19f4cbc543357183a20571f68380a3.png (364 B)
../../../frontend/node_modules/expo-router/assets/sitemap.412dd9275b6b48ad28f5e3d81bb1f626.png (465 B)
../../../frontend/node_modules/expo-router/assets/unmatched.20e71bdf79e3a97bf55fd9e164041578.png (4.75 kB)
../../../frontend/node_modules/expo-router/node_modules/@react-navigation/elements/lib/module/assets/back-icon-mask.0a328cd9c1afd0afe8e3b1ec5165b1b4.png (653 B)
../../../frontend/node_modules/expo-router/node_modules/@react-navigation/elements/lib/module/assets/back-icon.35ba0eaec5a4f5ed12ca16fabeae451d.png (207 B)
../../../frontend/node_modules/expo-router/node_modules/@react-navigation/elements/lib/module/assets/clear-icon.c94f6478e7ae0cdd9f15de1fcb9e5e55.png (4 variations | 425 B)
../../../frontend/node_modules/expo-router/node_modules/@react-navigation/elements/lib/module/assets/close-icon.808e1b1b9b53114ec2838071a7e6daa7.png (4 variations | 235 B)
../../../frontend/node_modules/expo-router/node_modules/@react-navigation/elements/lib/module/assets/search-icon.286d67d3f74808a60a78d3ebf1a5fb57.png (928 B)
assets/images/event-map.94b882b9f1d40ea20cf0ebe5c54e825a.png (643 kB)
assets/images/field.154a1ca0924b6977588741956792d1cb.png (2.98 MB)
assets/images/gemini4.ef396f07f7d3372a80f044580e02ba94.png (347 kB)
assets/images/grounds-site-map.f0f749ac0d9f6b3f727be83771fd128e.jpg (372 kB)
assets/images/icon.3ce83112475db6767fdce980d342e9a1.png (257 kB)
assets/images/ipm-2026-banner.6c27fefe90bedaea9f98aeb8ac0fb5e7.png (566 kB)
assets/images/ipm-logo.b1a4d05af46b7d0f64d746577b425f0c.png (1.58 MB)
assets/images/queen-of-the-furrow/Alexandra Carkner.03df52b267e43241590de522ec13b983.jpg (175 kB)
assets/images/queen-of-the-furrow/Ashley Knapp.468d02c20d2478e995d0291bb1014293.jpg (394 kB)
assets/images/queen-of-the-furrow/Brianna Wing.78cb51f80b1353ba0ebc88f43a1bf062.jpg (355 kB)
assets/images/queen-of-the-furrow/Carmen Ward.40196c9fadde09d8c09b39a7cebf7fc2.jpg (294 kB)
assets/images/queen-of-the-furrow/Cassie Galbraith.8a3cd4799d3eacb72f1aab169b5db2d7.jpg (362 kB)
assets/images/queen-of-the-furrow/Chayle Oatt.90be9ae36c3a76c62d6a076031fe3a88.jpg (334 kB)
assets/images/queen-of-the-furrow/Claire McCorkindale.990fa6484b3370aa85f27728f83ce945.jpg (308 kB)
assets/images/queen-of-the-furrow/Gabriela Kott.78cf20e800a15336bc9e89d0cff3f38f.jpg (193 kB)
assets/images/queen-of-the-furrow/Gracie Hoggarth.728eccd04cfefa24d681b924ce865165.jpg (382 kB)
assets/images/queen-of-the-furrow/Haleigh-Jo TePlate.d9609c1b6893521597c15c75dfd268a1.jpg (267 kB)
assets/images/queen-of-the-furrow/Iris Perriman.e73ad312398f08357bd1c3eb60b23c26.jpg (329 kB)
assets/images/queen-of-the-furrow/Kelly De Bruyn.baeae40f09c1c539658d07200cfdf0be.jpg (300 kB)
assets/images/queen-of-the-furrow/Lauren Ross.7b76d8fb6cdbacb0d768bc484fae7902.jpg (384 kB)
assets/images/queen-of-the-furrow/Megan Burnside.86d92b1e4e47fb78692535dfd19e368a.jpg (135 kB)
assets/images/queen-of-the-furrow/Nikki Intranuovo.9f150aa6e338beef03797692b251ce2d.jpg (232 kB)
assets/images/queen-of-the-furrow/Rachel Tamlin.e39c853f8ed8db207918ea44ad18c3f8.jpg (414 kB)
assets/images/queen-of-the-furrow/Regan Parr.949ccd000a7bfbd7f19ec79477ed0774.jpg (388 kB)
assets/images/queen-of-the-furrow/Sidney Sicard.c951eb2db4827f6959c062dde1d2678b.jpg (374 kB)
assets/images/queen-of-the-furrow/Taner DeGurse.db8ea869845dc1e43c7b2d6915fcc662.jpg (232 kB)
assets/images/tented-city-map.73d633d3a9bf26dcaf9be504fea21154.png (481 kB)
assets/images/worship-service.28b7876758236506defb1be84722aee3.jpg (1 MB)

› web bundles (1):
_expo/static/js/web/entry-2455da6fc57d1546176f69a225bbfa67.js (3.07 MB)

› Files (3):
favicon.ico (14.5 kB)
index.html (1.55 kB)
metadata.json (49 B)

Exported: dist
Generated dist/webpushr-sw.js with 15 shell assets (569547f44437a2e5).
Embedded staging frontend build 362242
