BASELINE browser320 /_expo/static/js/web/entry-40efbaa8399049d7a310627fee215c2e.js
BASELINE installed360 /_expo/static/js/web/entry-40efbaa8399049d7a310627fee215c2e.js
BASELINE desktop /_expo/static/js/web/entry-40efbaa8399049d7a310627fee215c2e.js
BASELINE closed /_expo/static/js/web/entry-40efbaa8399049d7a310627fee215c2e.js
BASELINE offline /_expo/static/js/web/entry-40efbaa8399049d7a310627fee215c2e.js
BASELINE slow /_expo/static/js/web/entry-40efbaa8399049d7a310627fee215c2e.js
BASELINE failed-asset /_expo/static/js/web/entry-40efbaa8399049d7a310627fee215c2e.js
BASELINE waiting /_expo/static/js/web/entry-40efbaa8399049d7a310627fee215c2e.js
READY A clients preserved 
PASS B browser320 first launch /_expo/static/js/web/entry-03184dc2e7f3b50c7a7ec3982a87a58c.js
PASS B installed360 first launch /_expo/static/js/web/entry-03184dc2e7f3b50c7a7ec3982a87a58c.js
PASS B desktop first launch /_expo/static/js/web/entry-03184dc2e7f3b50c7a7ec3982a87a58c.js
PASS B closed first launch /_expo/static/js/web/entry-03184dc2e7f3b50c7a7ec3982a87a58c.js
PASS B offline first launch /_expo/static/js/web/entry-03184dc2e7f3b50c7a7ec3982a87a58c.js
PASS B slow first launch /_expo/static/js/web/entry-03184dc2e7f3b50c7a7ec3982a87a58c.js
PASS B failed-asset first launch /_expo/static/js/web/entry-03184dc2e7f3b50c7a7ec3982a87a58c.js
PASS B waiting first launch /_expo/static/js/web/entry-03184dc2e7f3b50c7a7ec3982a87a58c.js
COMPLETE B
PASS C browser320 first launch /_expo/static/js/web/entry-5978ee06819a519ddcb3aae9b20072ba.js
PASS C installed360 first launch /_expo/static/js/web/entry-5978ee06819a519ddcb3aae9b20072ba.js
PASS C desktop first launch /_expo/static/js/web/entry-5978ee06819a519ddcb3aae9b20072ba.js
PASS C closed first launch /_expo/static/js/web/entry-5978ee06819a519ddcb3aae9b20072ba.js
PASS C offline first launch /_expo/static/js/web/entry-5978ee06819a519ddcb3aae9b20072ba.js
node:internal/modules/run_main:107
    triggerUncaughtException(
    ^

AssertionError [ERR_ASSERTION]: fallback unbounded
    at file:///workspaces/ipm-event/release-artifacts/launch-update-final-20260909/transition.mjs:65:514 {
  generatedMessage: false,
  code: 'ERR_ASSERTION',
  actual: false,
  expected: true,
  operator: '==',
  diff: 'simple'
}

Node.js v24.14.0
