........................................................................ [ 85%]
............                                                             [100%]
=============================== warnings summary ===============================
../../../../home/codespace/.local/lib/python3.12/site-packages/starlette/formparsers.py:12
  /home/codespace/.local/lib/python3.12/site-packages/starlette/formparsers.py:12: PendingDeprecationWarning: Please use `import python_multipart` instead.
    import multipart

backend/server.py:2633
  /workspaces/ipm-event/.worktrees/what3words-staging-ux-production/backend/server.py:2633: DeprecationWarning:
          on_event is deprecated, use lifespan event handlers instead.

          Read more about it in the
          [FastAPI docs for Lifespan Events](https://fastapi.tiangolo.com/advanced/events/).

    @app.on_event("startup")

../../../../usr/local/python/3.12.1/lib/python3.12/site-packages/fastapi/applications.py:4495
../../../../usr/local/python/3.12.1/lib/python3.12/site-packages/fastapi/applications.py:4495
  /usr/local/python/3.12.1/lib/python3.12/site-packages/fastapi/applications.py:4495: DeprecationWarning:
          on_event is deprecated, use lifespan event handlers instead.

          Read more about it in the
          [FastAPI docs for Lifespan Events](https://fastapi.tiangolo.com/advanced/events/).

    return self.router.on_event(event_type)

backend/server.py:2662
  /workspaces/ipm-event/.worktrees/what3words-staging-ux-production/backend/server.py:2662: DeprecationWarning:
          on_event is deprecated, use lifespan event handlers instead.

          Read more about it in the
          [FastAPI docs for Lifespan Events](https://fastapi.tiangolo.com/advanced/events/).

    @app.on_event("shutdown")

-- Docs: https://docs.pytest.org/en/stable/how-to/capture-warnings.html
84 passed, 5 warnings in 1.31s
